--------- beginning of main
12-31 15:33:43.883  7863  7863 I EuiccGoogle: [2] NetworkCache.getFirstActiveEuiccSlotId: isRemovableEsimDefault: false
12-31 15:33:43.888  7863  7863 I EuiccGoogle: [2] EuiccServiceImpl.onCreate: onCreate DSDS mode: simCardState is 11
12-31 15:33:43.898  7863  7863 I EuiccGoogle: [2] Partner.getResourceEntry$ar$ds$ar$class_merging$ar$class_merging$ar$class_merging: Partner app=com.google.android.euiccoverlay, Resource name=esim_supported_countries, type=string, partnerResId = 0
12-31 15:33:43.904  7863  7863 I EuiccGoogle: [2] Partner.getResourceEntry$ar$ds$ar$class_merging$ar$class_merging$ar$class_merging: Partner app=com.google.android.euiccoverlay, Resource name=esim_unsupported_countries, type=string, partnerResId = 2131689525
12-31 15:33:43.910  7863  7863 I EuiccGoogle: [2] ViewCompat$Api29Impl.getCarrierInfos: All carrier info overrides: []
12-31 15:33:43.916  7863  7863 I EuiccGoogle: [2] PhenotypeUpdatedReceiver.setPsimConversionSupportedCarriers: setPsimConversionSupportedCarriers:[1, 2, 3, 14, 16, 19, 22, 25, 27, 32, 576, 580, 850, 959, 1187, 1344, 1365, 1403, 1404, 1413, 1452, 1480, 1581, 1670, 1690, 1779, 1895, 1962, 2018, 2020, 2021, 2083, 2102, 2110, 2119, 2122, 2419, 2536]
12-31 15:33:43.919  2972  3210 D EuiccConnector: handleMessage: E msg.what=4
12-31 15:33:43.919  2972  3210 D EuiccConnector: processMsg: DisconnectedState
12-31 15:33:43.919  2972  3210 D EuiccConnector: transitionTo: destState=ConnectedState
12-31 15:33:43.919  2972  3210 D EuiccConnector: handleMessage: new destination call exit/enter
12-31 15:33:43.919  2972  3210 D EuiccConnector: setupTempStateStackWithStatesToEnter: X mTempStateStackCount=1,curStateInfo: state=DisconnectedState,active=true,parent=null
12-31 15:33:43.919  2972  3210 D EuiccConnector: moveTempStackToStateStack: i=0,j=1
12-31 15:33:43.919  2972  3210 D EuiccConnector: moveTempStackToStateStack: X mStateStackTop=1,startingIndex=1,Top=ConnectedState
12-31 15:33:43.919  2972  3210 D EuiccConnector: invokeEnterMethods: ConnectedState
12-31 15:33:43.919  2972  3210 D EuiccConnector: moveDeferredMessageAtFrontOfQueue; what=103
12-31 15:33:43.919  2972  3210 D EuiccConnector: handleMessage: X
12-31 15:33:43.919  2972  3210 D EuiccConnector: handleMessage: E msg.what=103
12-31 15:33:43.919  2972  3210 D EuiccConnector: processMsg: ConnectedState
12-31 15:33:43.924  2972  3210 D EuiccConnector: handleMessage: X
12-31 15:33:43.927  7863  1838 I EuiccGoogle: [368] EuiccServiceImpl.onGetEuiccProfileInfoList: onGetEuiccProfileInfoList: slotId = 0
12-31 15:33:43.937  7863  1838 I EuiccGoogle: [368] EuiccServiceImpl.onGetEuiccProfileInfoList: slotId = 0, isRemovable = false
12-31 15:33:43.937  7863  1838 I EuiccGoogle: [368] EuiccServiceImpl.onGetEuiccProfileInfoList: onGetEuiccProfileInfoList: isRemovable = false.
12-31 15:33:43.937  7863  1838 I EuiccGoogle: [368] EuiccServiceImpl.onGetEuiccProfileInfoList: getSimCardState for slotId: 0
12-31 15:33:43.947  7863  1838 I EuiccGoogle: [368] EuiccServiceImpl.onGetEuiccProfileInfoList: GetEuiccProfileInfoListResult: simCardState :11and simCardStateAtTelephony:11 for slot:0
12-31 15:33:43.948  7863  1838 I EuiccGoogle: [368] EuiccServiceImpl.getProfileInfoList: getProfileInfoList: slotId = 0, includeTestProfiles = false
12-31 15:33:43.948  7863  1838 I EuiccGoogle: [368] EuiccServiceImpl.getProfileInfoList: getProfileInfoList: slotId = 0, includeTestProfiles = false.
12-31 15:33:43.949  7863  1838 I EuiccGoogle: [368] EuiccServiceImpl.getEidFromSlotId: getEidFromSlotId: slotId = 0.
12-31 15:33:43.949  7863  1838 I EuiccGoogle: [368] NetworkCache.getEidForSlot: getEidForSlot: 0
12-31 15:33:43.958  7863  1838 I EuiccGoogle: [368] BlockingEuiccCardManager.requestAllProfiles: requestAllProfiles: cardId = [imta7AgrUuJ4Jh9R-W2aeNg_CgA]
12-31 15:33:44.053  3612  3637 W pixelstats-vendor: Thread Pool max thread count is 0. Cannot cache binder as linkToDeath cannot be implemented. serviceName: android.frameworks.stats.IStats/default
12-31 15:33:44.134  7863  1838 I EuiccGoogle: [368] EuiccServiceImpl.onGetEuiccProfileInfoList: onGetEuiccProfileInfoList: Profile nickname = Skylo.
12-31 15:33:44.135  7863  1838 I EuiccGoogle: [368] EuiccServiceImpl.onGetEuiccProfileInfoList: onGetEuiccProfileInfoList: Profile info = EuiccProfileInfo (nickname=Skylo, serviceProviderName=Skylo, profileName=Skylo, profileClass=2, state=0, CarrierIdentifier=CarrierIdentifier{mcc=901,mnc=98,spn=null,imsi=null,gid1=null,gid2=null,carrierid=-1,specificCarrierId=-1}, policyRules=0, accessRules=null, iccid=899019803[****]).
12-31 15:33:44.164  2972  3210 D EuiccConnector: handleMessage: E msg.what=6
12-31 15:33:44.164  2972  3210 D EuiccConnector: processMsg: ConnectedState
12-31 15:33:44.164  2972  3210 D EuiccConnector: handleMessage: X
12-31 15:33:44.177  1839  1839 D AndroidRuntime: >>>>>> START com.android.internal.os.RuntimeInit uid 2000 <<<<<<
12-31 15:33:44.185  1839  1839 I AndroidRuntime: Using default boot image
12-31 15:33:44.185  1839  1839 I AndroidRuntime: Leaving lock profiling enabled
12-31 15:33:44.192  1839  1839 I app_process: Using CollectorTypeCMC GC.
12-31 15:33:44.216 27997  1749 I NearbySharing: Got package event: PackageReplaced(packageName=com.slashwhatever.logset)
12-31 15:33:44.304  1839  1839 D nativeloader: InitDefaultPublicLibraries for_preload=1: libandroid.so:libaaudio.so:libamidi.so:libbinder_ndk.so:libc.so:libcamera2ndk.so:libdl.so:libEGL.so:libGLESv1_CM.so:libGLESv2.so:libGLESv3.so:libicu.so:libicui18n.so:libicuuc.so:libjnigraphics.so:liblog.so:libmediandk.so:libm.so:libnativehelper.so:libnativewindow.so:libOpenMAXAL.so:libOpenSLES.so:libRS.so:libstdc++.so:libsync.so:libvulkan.so:libwebviewchromium_plat_support.so:libz.so
12-31 15:33:44.314  1839  1839 D nativeloader: Load libicu_jni.so using APEX ns com_android_art for caller /apex/com.android.art/javalib/core-oj.jar: ok
12-31 15:33:44.315  1839  1839 D app_process: u_setTimeZoneFilesDirectory("/apex/com.android.tzdata/etc/tz/versioned/9/icu") succeeded. 
12-31 15:33:44.315  1839  1839 D app_process: I18n APEX ICU file found: /apex/com.android.i18n/etc/icu/icudt76l.dat
12-31 15:33:44.315  1839  1839 D nativeloader: Load libjavacore.so using APEX ns com_android_art for caller /apex/com.android.art/javalib/core-oj.jar: ok
12-31 15:33:44.316  1839  1839 D nativeloader: Load libopenjdk.so using APEX ns com_android_art for caller /apex/com.android.art/javalib/core-oj.jar: ok
12-31 15:33:44.317  1839  1839 I app_process: Priority-to-niceness mapping: 19, 16, 13, 10, 0, -2, -4, -5, -6, -8
12-31 15:33:44.371  1839  1839 D nativeloader: Load libframework-connectivity-tiramisu-jni.so using APEX ns com_android_tethering for caller /apex/com.android.tethering/javalib/framework-connectivity-t.jar: ok
12-31 15:33:44.372  1839  1839 D AndroidRuntime: Calling main entry com.android.commands.monkey.Monkey
12-31 15:33:44.374  1839  1839 D nativeloader: Load /system/lib64/libmonkey_jni.so using ns default for caller /system/framework/monkey.jar in same partition (is_bridged=0): ok
12-31 15:33:44.374  1839  1839 W Monkey  : args: [-p, com.slashwhatever.logset, -c, android.intent.category.LAUNCHER, 1]
12-31 15:33:44.377  2830 10821 W AlarmManager: Unrecognized alarm listener com.android.networkstack.android.net.ip.IpClientLinkObserver$Dhcp6PdPreferredPrefixAlarmListener@feaa9f4
12-31 15:33:44.377  2830 10821 D ApfFilter: (wlan0): Adding RA fe80::ca7f:54ff:fe5e:7440 -> ff02::1 600s 2a00:23c6:bb59:4800::/64 600s/600s DNS 600s 2a00:23c6:bb51:400:2ae1:848e:c5b8:b83a 
12-31 15:33:44.378  2830 10821 E ProcfsParsingUtils: failed to read /sys/class/net/wlan0/mtu
12-31 15:33:44.378  2830 10821 E ProcfsParsingUtils: java.nio.file.AccessDeniedException: /sys/class/net/wlan0/mtu
12-31 15:33:44.378  2830 10821 E ProcfsParsingUtils: 	at sun.nio.fs.UnixFileSystemProvider.newByteChannel(UnixFileSystemProvider.java:220)
12-31 15:33:44.378  2830 10821 E ProcfsParsingUtils: 	at java.nio.file.Files.newByteChannel(Files.java:371)
12-31 15:33:44.378  2830 10821 E ProcfsParsingUtils: 	at java.nio.file.Files.newByteChannel(Files.java:422)
12-31 15:33:44.378  2830 10821 E ProcfsParsingUtils: 	at java.nio.file.spi.FileSystemProvider.newInputStream(FileSystemProvider.java:420)
12-31 15:33:44.378  2830 10821 E ProcfsParsingUtils: 	at java.nio.file.Files.newInputStream(Files.java:156)
12-31 15:33:44.378  2830 10821 E ProcfsParsingUtils: 	at java.nio.file.Files.newBufferedReader(Files.java:2844)
12-31 15:33:44.378  2830 10821 E ProcfsParsingUtils: 	at com.android.networkstack.com.android.net.module.util.ProcfsParsingUtils.readFile(ProcfsParsingUtils.java:75)
12-31 15:33:44.378  2830 10821 E ProcfsParsingUtils: 	at com.android.networkstack.com.android.net.module.util.ProcfsParsingUtils.getInterfaceMtu(ProcfsParsingUtils.java:350)
12-31 15:33:44.378  2830 10821 E ProcfsParsingUtils: 	at com.android.networkstack.android.net.apf.ApfFilter$Dependencies.getInterfaceMtu(ApfFilter.java:823)
12-31 15:33:44.378  2830 10821 E ProcfsParsingUtils: 	at com.android.networkstack.android.net.apf.ApfFilter.installNewProgram(ApfFilter.java:4004)
12-31 15:33:44.378  2830 10821 E ProcfsParsingUtils: 	at com.android.networkstack.android.net.apf.ApfFilter.processRa(ApfFilter.java:4215)
12-31 15:33:44.378  2830 10821 E ProcfsParsingUtils: 	at com.android.networkstack.android.net.apf.ApfFilter$RaPacketReader.handlePacket(ApfFilter.java:374)
12-31 15:33:44.378  2830 10821 E ProcfsParsingUtils: 	at com.android.networkstack.android.net.apf.ApfFilter$RaPacketReader.handlePacket(ApfFilter.java:358)
12-31 15:33:44.378  2830 10821 E ProcfsParsingUtils: 	at com.android.networkstack.com.android.net.module.util.FdEventsReader.handleInput(FdEventsReader.java:277)
12-31 15:33:44.378  2830 10821 E ProcfsParsingUtils: 	at com.android.networkstack.com.android.net.module.util.FdEventsReader.lambda$createAndRegisterFd$0(FdEventsReader.java:233)
12-31 15:33:44.378  2830 10821 E ProcfsParsingUtils: 	at com.android.networkstack.com.android.net.module.util.FdEventsReader.$r8$lambda$jjSC4hVD2AlVH3T-DbWnF2T3fK8(FdEventsReader.java:0)
12-31 15:33:44.378  2830 10821 E ProcfsParsingUtils: 	at com.android.networkstack.com.android.net.module.util.FdEventsReader$$ExternalSyntheticLambda0.onFileDescriptorEvents(R8$$SyntheticClass:0)
12-31 15:33:44.378  2830 10821 E ProcfsParsingUtils: 	at android.os.MessageQueue.dispatchEvents(MessageQueue.java:647)
12-31 15:33:44.378  2830 10821 E ProcfsParsingUtils: 	at android.os.MessageQueue.nativePollOnce(Native Method)
12-31 15:33:44.378  2830 10821 E ProcfsParsingUtils: 	at android.os.MessageQueue.nextConcurrent(MessageQueue.java:923)
12-31 15:33:44.378  2830 10821 E ProcfsParsingUtils: 	at android.os.MessageQueue.next(MessageQueue.java:1110)
12-31 15:33:44.378  2830 10821 E ProcfsParsingUtils: 	at android.os.Looper.loopOnce(Looper.java:197)
12-31 15:33:44.378  2830 10821 E ProcfsParsingUtils: 	at android.os.Looper.loop(Looper.java:349)
12-31 15:33:44.378  2830 10821 E ProcfsParsingUtils: 	at android.os.HandlerThread.run(HandlerThread.java:100)
12-31 15:33:44.379  1190  1206 I WPKTRT  : process_address_event: 2a00:23c6:bb59:4800:c832:67ff:fe63:2de added to wlan0
12-31 15:33:44.379  1190  1206 I WPKTRT  : process_address_event: 2a00:23c6:bb59:4800:ea5b:793:7495:f3fd added to wlan0
12-31 15:33:44.371  2830  2830 W IpClient.wlan0: type=1400 audit(0.0:22649): avc:  denied  { search } for  name="net" dev="sysfs" ino=52063 scontext=u:r:network_stack:s0 tcontext=u:object_r:sysfs_net:s0 tclass=dir permissive=0
12-31 15:33:44.385   995   995 E WifiHAL : Setting APF program, halHandle = 0xb400007c45210e10
12-31 15:33:44.385   995   995 E WifiHAL : Set apf filter for iface = wlan0
12-31 15:33:44.385   995   995 I WifiHAL : createRequest: APF set program request
12-31 15:33:44.385   995   995 I WifiHAL : mProgramLen : 1764
12-31 15:33:44.386  3612  3637 W pixelstats-vendor: Thread Pool max thread count is 0. Cannot cache binder as linkToDeath cannot be implemented. serviceName: android.frameworks.stats.IStats/default
12-31 15:33:44.393  1839  1839 I AconfigPackage: com.android.art.flags is mapped to com.android.art
12-31 15:33:44.393  1839  1839 I AconfigPackage: com.android.art.rw.flags is mapped to com.android.art
12-31 15:33:44.393  1839  1839 I AconfigPackage: com.android.libcore is mapped to com.android.art
12-31 15:33:44.393  1839  1839 I AconfigPackage: android.graphics.pdf.flags is mapped to com.android.mediaprovider
12-31 15:33:44.393  1839  1839 I AconfigPackage: com.android.providers.media.flags is mapped to com.android.mediaprovider
12-31 15:33:44.393  1839  1839 I AconfigPackage: android.graphics.pdf.flags.readonly is mapped to com.android.mediaprovider
12-31 15:33:44.394  1839  1839 I AconfigPackage: com.android.wifi.flags is mapped to com.android.wifi
12-31 15:33:44.395  1839  1839 I AconfigPackage: com.android.permission.flags is mapped to com.android.permission
12-31 15:33:44.395  1839  1839 I AconfigPackage: com.android.permissioncontroller.flags is mapped to com.android.permission
12-31 15:33:44.395  1839  1839 I AconfigPackage: android.provider.flags is mapped to com.android.configinfrastructure
12-31 15:33:44.395  1839  1839 I AconfigPackage: com.android.server.deviceconfig is mapped to com.android.configinfrastructure
12-31 15:33:44.395  1839  1839 I AconfigPackage: com.android.adservices.ondevicepersonalization.flags is mapped to com.android.ondevicepersonalization
12-31 15:33:44.396  1839  1839 I AconfigPackage: com.android.os.statsd.flags is mapped to com.android.os.statsd
12-31 15:33:44.396  1839  1839 I AconfigPackage: com.android.ipsec.flags is mapped to com.android.ipsec
12-31 15:33:44.396  1839  1839 I AconfigPackage: com.android.nfc.module.flags is mapped to com.android.nfcservices
12-31 15:33:44.397  1839  1839 I AconfigPackage: android.uprobestats.mainline.flags is mapped to com.android.uprobestats
12-31 15:33:44.397  1839  1839 I AconfigPackage: com.android.org.conscrypt.flags is mapped to com.android.conscrypt
12-31 15:33:44.397  1839  1839 I AconfigPackage: com.android.org.conscrypt.net.flags is mapped to com.android.conscrypt
12-31 15:33:44.397  1839  1839 I AconfigPackage: android.media.swcodec.flags is mapped to com.android.media.swcodec
12-31 15:33:44.397  1839  1839 I AconfigPackage: com.android.uwb.flags is mapped to com.android.uwb
12-31 15:33:44.397  1839  1839 I AconfigPackage: com.android.ranging.flags is mapped to com.android.uwb
12-31 15:33:44.398  1839  1839 I AconfigPackage: com.android.appsearch.flags is mapped to com.android.appsearch
12-31 15:33:44.398  1839  1839 I AconfigPackage: com.android.media.extractor.flags is mapped to com.android.media
12-31 15:33:44.398  1839  1839 I AconfigPackage: com.android.media.mainline.flags is mapped to com.android.media
12-31 15:33:44.399  1839  1839 I AconfigPackage: com.android.system.virtualmachine.flags is mapped to com.android.virt
12-31 15:33:44.399  1839  1839 I AconfigPackage: com.android.adservices.flags is mapped to com.android.adservices
12-31 15:33:44.399  1839  1839 I AconfigPackage: com.android.sdksandbox.flags is mapped to com.android.adservices
12-31 15:33:44.400  1839  1839 I AconfigPackage: com.android.tethering.mainline.beta is mapped to com.android.tethering
12-31 15:33:44.400  1839  1839 I AconfigPackage: android.net.http is mapped to com.android.tethering
12-31 15:33:44.400  1839  1839 I AconfigPackage: com.android.tethering.readonly.flags is mapped to com.android.tethering
12-31 15:33:44.400  1839  1839 I AconfigPackage: android.net.vcn is mapped to com.android.tethering
12-31 15:33:44.400  1839  1839 I AconfigPackage: com.android.net.flags is mapped to com.android.tethering
12-31 15:33:44.400  1839  1839 I AconfigPackage: com.android.tethering.beta.test is mapped to com.android.tethering
12-31 15:33:44.400  1839  1839 I AconfigPackage: com.android.nearby.flags is mapped to com.android.tethering
12-31 15:33:44.400  1839  1839 I AconfigPackage: com.android.net.ct.flags is mapped to com.android.tethering
12-31 15:33:44.400  1839  1839 I AconfigPackage: com.android.net.thread.flags is mapped to com.android.tethering
12-31 15:33:44.400  1839  1839 I AconfigPackage: android.os.profiling is mapped to com.android.profiling
12-31 15:33:44.400  1839  1839 I AconfigPackage: android.os.profiling.anomaly.flags is mapped to com.android.profiling
12-31 15:33:44.400  1839  1839 I AconfigPackage: com.android.cellbroadcastreceiver.flags is mapped to com.android.cellbroadcast
12-31 15:33:44.401  1839  1839 I AconfigPackage: com.android.icu is mapped to com.android.i18n
12-31 15:33:44.401  1839  1839 I AconfigPackage: com.android.healthfitness.flags is mapped to com.android.healthfitness
12-31 15:33:44.401  1839  1839 I AconfigPackage: com.android.devicelock.flags is mapped to com.android.devicelock
12-31 15:33:44.402  1839  1839 I AconfigPackage: com.android.bluetooth.flags is mapped to com.android.bt
12-31 15:33:44.402  1839  1839 I AconfigPackage: com.android.rkpd.flags is mapped to com.android.rkpd
12-31 15:33:44.402  1839  1839 I AconfigPackage: com.android.adbd.flags is mapped to com.android.adbd
12-31 15:33:44.403  1839  1839 I AconfigPackage: com.android.crashrecovery.flags is mapped to com.android.crashrecovery
12-31 15:33:44.403  1839  1839 E FeatureFlagsImplExport: android.os.flagging.AconfigStorageReadException: ERROR_PACKAGE_NOT_FOUND: package android.xr cannot be found on the device
12-31 15:33:44.406  1839  1839 W libc    : Access denied finding property "qemu.sf.lcd_density"
12-31 15:33:44.406  1839  1839 W libc    : Access denied finding property "qemu.sf.lcd_density"
12-31 15:33:44.399  1839  1839 W commands.monkey: type=1400 audit(0.0:22650): avc:  denied  { read } for  name="u:object_r:qemu_sf_lcd_density_prop:s0" dev="tmpfs" ino=336 scontext=u:r:shell:s0 tcontext=u:object_r:qemu_sf_lcd_density_prop:s0 tclass=file permissive=0
12-31 15:33:44.399  1839  1839 W commands.monkey: type=1400 audit(0.0:22651): avc:  denied  { read } for  name="u:object_r:qemu_sf_lcd_density_prop:s0" dev="tmpfs" ino=336 scontext=u:r:shell:s0 tcontext=u:object_r:qemu_sf_lcd_density_prop:s0 tclass=file permissive=0
12-31 15:33:44.412  1839  1839 W Monkey  :  arg: "-p"
12-31 15:33:44.412  1839  1839 W Monkey  :  arg: "com.slashwhatever.logset"
12-31 15:33:44.413  1839  1839 W Monkey  :  arg: "-c"
12-31 15:33:44.413  1839  1839 W Monkey  :  arg: "android.intent.category.LAUNCHER"
12-31 15:33:44.413  1839  1839 W Monkey  :  arg: "1"
12-31 15:33:44.413  1839  1839 W Monkey  : data="com.slashwhatever.logset"
12-31 15:33:44.413  1839  1839 W Monkey  : data="android.intent.category.LAUNCHER"
12-31 15:33:44.414  3612  3637 W pixelstats-vendor: Thread Pool max thread count is 0. Cannot cache binder as linkToDeath cannot be implemented. serviceName: android.frameworks.stats.IStats/default
12-31 15:33:44.420  3612  3637 W pixelstats-vendor: Thread Pool max thread count is 0. Cannot cache binder as linkToDeath cannot be implemented. serviceName: android.frameworks.stats.IStats/default
12-31 15:33:44.423  1697  2512 D EventHub: No input device configuration file found for device 'Monkey touch'.
12-31 15:33:44.424  1697  2512 I EventHub: usingClockIoctl=true
12-31 15:33:44.424  1697  2512 I EventHub: New device: id=7, fd=455, path='/dev/input/event3', name='Monkey touch', classes=TOUCH | TOUCH_MT, configuration='', keyLayout='', keyCharacterMap='', builtinKeyboard=false, 
12-31 15:33:44.426  3612  3637 W pixelstats-vendor: Thread Pool max thread count is 0. Cannot cache binder as linkToDeath cannot be implemented. serviceName: android.frameworks.stats.IStats/default
12-31 15:33:44.426  1697  2512 I InputReader: Disabling Monkey touch (device 7) because the associated viewport is not active
12-31 15:33:44.426  1697  2512 I InputReader: Device reconfigured: id=7, name='Monkey touch', size 1080x2424, orientation Rotation0, mode DISABLED, display id 0
12-31 15:33:44.426  1697  2512 I InputReader: Disabling Monkey touch (device 7) because the associated viewport is not active
12-31 15:33:44.426  1697  2512 I InputReader: Device added: id=7, eventHubId=7, name='Monkey touch', descriptor='e1fe28b90f915c7d1febbd52c1ef84b3c4cbed9f',sources=TOUCHSCREEN
--------- beginning of system
12-31 15:33:44.432  1697  2512 D WindowManager: Direct invocation of sendNewConfiguration: Display{#0 state=OFF size=1080x2424 ROTATION_0}
12-31 15:33:44.433  1697  1808 W libbinder.IPCThreadState: Sending oneway calls to frozen process.
12-31 15:33:44.433  1697  1808 W libbinder.IPCThreadState: Sending oneway calls to frozen process.
12-31 15:33:44.433  1697  1808 W libbinder.IPCThreadState: Sending oneway calls to frozen process.
12-31 15:33:44.433  1697  1808 W libbinder.IPCThreadState: Sending oneway calls to frozen process.
12-31 15:33:44.435  4490  4490 I PkDeviceHelper: PkDeviceHelper.refreshDevices():87 refreshing devices
12-31 15:33:44.457  1697  1771 W ActivityManager: registerReceiverWithFeature: no app for null
12-31 15:33:44.483  1697  4928 W ActivityTaskManager: callingPackage for (uid=2000, pid=1839) has no WPC
12-31 15:33:44.484  1697  4928 V WindowManager: DesktopModeLaunchParamsModifier: phase= 0 task=null activity=null display-area-from-current-params=null display-area-from-default-fallback=DefaultTaskDisplayArea@139286449 display-id=0 task-display-area-windowing-mode=1 suggested-display-area=DefaultTaskDisplayArea@139286449 task null, skipping
12-31 15:33:44.485  1697  4928 V WindowManager: TaskLaunchParamsModifier:phase=0 task=null activity=null display-area-from-current-params=null display-area-from-default-fallback=DefaultTaskDisplayArea@139286449 display-id=0 task-display-area-windowing-mode=1 suggested-display-area=DefaultTaskDisplayArea@139286449
12-31 15:33:44.486  1697  4928 V GrammaticalInflectionUtils: AttributionSource: android.content.AttributionSource@e11e9c1 does not have READ_SYSTEM_GRAMMATICAL_GENDER permission.
12-31 15:33:44.486  1697  4928 W OptProp : Cannot read opt property android.window.PROPERTY_COMPAT_ALLOW_RESIZEABLE_ACTIVITY_OVERRIDES
12-31 15:33:44.487  1697  4928 W OptProp : Cannot read opt property android.window.PROPERTY_COMPAT_ALLOW_MIN_ASPECT_RATIO_OVERRIDE
12-31 15:33:44.488  1697  4928 V WindowManager: DesktopModeLaunchParamsModifier: phase= 0 task=null activity=ActivityRecord{110651866 u0 com.slashwhatever.logset/.MainActivity display-area-from-current-params=null display-area-from-default-fallback=DefaultTaskDisplayArea@139286449 display-id=0 task-display-area-windowing-mode=1 suggested-display-area=DefaultTaskDisplayArea@139286449 task null, skipping
12-31 15:33:44.488  1697  4928 V WindowManager: TaskLaunchParamsModifier:phase=0 task=null activity=ActivityRecord{110651866 u0 com.slashwhatever.logset/.MainActivity t-1} display-area-from-current-params=null display-area-from-default-fallback=DefaultTaskDisplayArea@139286449 display-id=0 task-display-area-windowing-mode=1 suggested-display-area=DefaultTaskDisplayArea@139286449
12-31 15:33:44.488  1697  4928 V WindowManager: DesktopModeLaunchParamsModifier: phase= 3 task=null activity=ActivityRecord{110651866 u0 com.slashwhatever.logset/.MainActivity t-1} display-area-from-current-params=null display-area-from-default-fallback=DefaultTaskDisplayArea@139286449 display-id=0 task-display-area-windowing-mode=1 suggested-display-area=DefaultTaskDisplayArea@139286449 task null, skipping
12-31 15:33:44.488  1697  4928 V WindowManager: TaskLaunchParamsModifier:phase=3 task=null activity=ActivityRecord{110651866 u0 com.slashwhatever.logset/.MainActivity t-1} display-area-from-current-params=null display-area-from-default-fallback=DefaultTaskDisplayArea@139286449 display-id=0 task-display-area-windowing-mode=1 suggested-display-area=DefaultTaskDisplayArea@139286449 non-freeform-task-display-area display-area=DefaultTaskDisplayArea@139286449 activity-requested-portrait freeform-size-mismatch=Rect(270, 711 - 811, 1791)
12-31 15:33:44.489  1697  4928 D ActivityTaskManager: Temporarily retain top process state for launching app
12-31 15:33:44.492  1697  4928 V WindowManager: DesktopModeLaunchParamsModifier: phase= 3 task=Task{7c1ae0b #7210 type=standard A=10397:com.slashwhatever.logset} activity=ActivityRecord{110651866 u0 com.slashwhatever.logset/.MainActivity t-1} display-from-task=0 display-id=0 task-display-area-windowing-mode=1 suggested-display-area=DefaultTaskDisplayArea@139286449 not entering desktop mode, skipping
12-31 15:33:44.493  1697  4928 V WindowManager: TaskLaunchParamsModifier:phase=3 task=Task{7c1ae0b #7210 type=standard A=10397:com.slashwhatever.logset} activity=ActivityRecord{110651866 u0 com.slashwhatever.logset/.MainActivity t-1} display-from-task=0 display-id=0 task-display-area-windowing-mode=1 suggested-display-area=DefaultTaskDisplayArea@139286449 inherit-from-task=fullscreen non-freeform-task-display-area display-area=DefaultTaskDisplayArea@139286449 activity-requested-portrait freeform-size-mismatch=Rect(270, 711 - 811, 1791)
12-31 15:33:44.493  1697  4928 W OptProp : Cannot read opt property android.window.PROPERTY_COMPAT_ALLOW_ORIENTATION_OVERRIDE
12-31 15:33:44.496  1697  4928 I AppsFilter: interaction: PackageSetting{65c2f3a com.google.android.microdroid.empty_payload/10296} -> PackageSetting{df51701 com.slashwhatever.logset/10397} BLOCKED
12-31 15:33:44.497  1697  4928 I ActivityTaskManager: START u0 {act=android.intent.action.MAIN cat=[android.intent.category.LAUNCHER] flg=0x10200000 cmp=com.slashwhatever.logset/.MainActivity} with LAUNCH_SINGLE_TASK from uid 2000 (com.android.shell) (BAL_ALLOW_PERMISSION) result code=0
12-31 15:33:44.498  1839  1839 I Monkey  : Events injected: 1
12-31 15:33:44.498  2660  2686 V WindowManagerShell: Transition requested (#1323): android.os.BinderProxy@7cab3ae TransitionRequestInfo { type = OPEN, triggerTask = TaskInfo{userId=0 taskId=7210 effectiveUid=10397 displayId=0 isRunning=true baseIntent=Intent { act=android.intent.action.MAIN cat=[android.intent.category.LAUNCHER] flg=0x10200000 cmp=com.slashwhatever.logset/.MainActivity } baseActivity=ComponentInfo{com.slashwhatever.logset/com.slashwhatever.logset.MainActivity} topActivity=ComponentInfo{com.slashwhatever.logset/com.slashwhatever.logset.MainActivity} origActivity=null realActivity=ComponentInfo{com.slashwhatever.logset/com.slashwhatever.logset.MainActivity} numActivities=1 lastActiveTime=224256030 supportsMultiWindow=true resizeMode=1 isResizeable=true minWidth=-1 minHeight=-1 defaultMinSize=220 token=WCT{android.os.BinderProxy@aa1b54f} topActivityType=1 pictureInPictureParams=null shouldDockBigOverlays=false launchIntoPipHostTaskId=-1 lastParentTaskIdBeforePip=-1 displayCutoutSafeInsets=Rect(0, 173 - 0, 0) topActivityInfo=ActivityInfo{63274dc com.slashwhatever.logset.MainActivity} launchCookies=[] positionInParent=Point(0, 0) parentTaskId=-1 isFocused=false isVisible=false isVisibleRequested=false isTopActivityNoDisplay=false isSleeping=true locusId=null displayAreaFeatureId=1 isTopActivityTransparent=false isActivityStackTransparent=false lastNonFullscreenBounds=Rect(270, 711 - 811, 1791) capturedLink=null capturedLinkTimestamp=0 requestedVisibleTypes=-9 topActivityRequestOpenInBrowserEducationTimestamp=0 appCompatTaskInfo=AppCompatTaskInfo { topActivityInSizeCompat=false eligibleForLetterboxEducation= false isLetterboxEducationEnabled= false isLetterboxDoubleTapEnabled= false eligibleForUserAspectRatioButton= false topActivityBoundsLetterboxed= false isFromLetterboxDoubleTap= false topActivityLetterboxVerticalPosition= -1 topActivityLetterboxHorizontalPosition= -1 topActivityLetterboxWidth=-1 topActivityLetterboxHeight=-1 topActivityAppBounds=Rect(0, 0 - 1080, 2424) isUserFullscreenOverrideEnabled=false isSystemFullscreenOverrideEnabled=false hasMinAspectRatioOverride=false topActivityLetterboxBounds=null cameraCompatTaskInfo=CameraCompatTaskInfo { freeformCameraCompatMode=inactiveundefined} topNonResizableActivityAspectRatio=-1.0} topActivityMainWindowFrame=null isAppBubble=false}, pipChange = null, remoteTransition = null, displayChange = null, flags = 0, debugId = 1323 }
12-31 15:33:44.498  1697  1808 V GrammaticalInflectionUtils: AttributionSource: android.content.AttributionSource@e11e9c1 does not have READ_SYSTEM_GRAMMATICAL_GENDER permission.
12-31 15:33:44.498  2660  2686 D ShellSplitScreen: logExit: no-op, mLoggerSessionId is null
12-31 15:33:44.495   924   924 W TracingMuxer: type=1400 audit(0.0:22652): avc:  denied  { write } for  name="traced_producer" dev="tmpfs" ino=1336 scontext=u:r:hal_camera_default:s0 tcontext=u:object_r:traced_producer_socket:s0 tclass=sock_file permissive=0
12-31 15:33:44.500  1839  1839 I Monkey  : ## Network stats: elapsed time=19ms (0ms mobile, 0ms wifi, 19ms not connected)
12-31 15:33:44.500  1839  1839 I app_process: System.exit called, status: 0
12-31 15:33:44.500  1839  1839 I AndroidRuntime: VM exiting with result code 0.
12-31 15:33:44.510   901   901 D Zygote  : Forked child process 1884
12-31 15:33:44.510  1697  1827 I ActivityManager: Start proc 1884:com.slashwhatever.logset/u0a397 for top-activity {com.slashwhatever.logset/com.slashwhatever.logset.MainActivity}
12-31 15:33:44.514  1884  1884 W zygote64: Activation of cgroup controller +memory failed in path /sys/fs/cgroup/apps/uid_10397: Invalid argument
12-31 15:33:44.517  1884  1884 I libc    : SetHeapTaggingLevel: tag level set to 0
12-31 15:33:44.518  1697  2512 I EventHub: Removing device Monkey touch due to epoll hang-up event.
12-31 15:33:44.518  1697  2512 I EventHub: Removed device: path=/dev/input/event3 name=Monkey touch id=7 fd=455 classes=TOUCH | TOUCH_MT
12-31 15:33:44.522  1884  1884 I Zygote  : Process 1884 crated for com.slashwhatever.logset
12-31 15:33:44.522  1884  1884 I whatever.logset: Using CollectorTypeCMC GC.
12-31 15:33:44.526  3612  3637 W pixelstats-vendor: Thread Pool max thread count is 0. Cannot cache binder as linkToDeath cannot be implemented. serviceName: android.frameworks.stats.IStats/default
12-31 15:33:44.527  3612  3637 W pixelstats-vendor: Thread Pool max thread count is 0. Cannot cache binder as linkToDeath cannot be implemented. serviceName: android.frameworks.stats.IStats/default
12-31 15:33:44.528  1884  1884 D nativeloader: Load libframework-connectivity-tiramisu-jni.so using APEX ns com_android_tethering for caller /apex/com.android.tethering/javalib/framework-connectivity-t.jar: ok
12-31 15:33:44.529  3612  3637 W pixelstats-vendor: Thread Pool max thread count is 0. Cannot cache binder as linkToDeath cannot be implemented. serviceName: android.frameworks.stats.IStats/default
12-31 15:33:44.529  1697  2512 I InputReader: Device removed: id=7, eventHubId=7, name='Monkey touch', descriptor='e1fe28b90f915c7d1febbd52c1ef84b3c4cbed9f', sources=TOUCHSCREEN
12-31 15:33:44.532  1697  1808 W libbinder.IPCThreadState: Sending oneway calls to frozen process.
12-31 15:33:44.532  1697  1808 W libbinder.IPCThreadState: Sending oneway calls to frozen process.
12-31 15:33:44.532  1697  1808 W libbinder.IPCThreadState: Sending oneway calls to frozen process.
12-31 15:33:44.532  1697  1808 W libbinder.IPCThreadState: Sending oneway calls to frozen process.
12-31 15:33:44.532  3017  3017 D TouchInteractionService: disposeEventHandlers: Reason: Initializing input monitor due to: onTrackpadConnected() instance=136613480
12-31 15:33:44.532  1697  2512 I EventHub: Removing device '/dev/input/event3' due to inotify event
12-31 15:33:44.532  3017  3017 D InputMonitorCompat: Input event receiver for monitor (swipe-up-disp0) disposed
12-31 15:33:44.532  1697  2511 W InputDispatcher: channel '[Gesture Monitor] swipe-up' ~ Consumer closed input channel or an error occurred.  events=0x9
12-31 15:33:44.532  1697  2511 E InputDispatcher: channel '[Gesture Monitor] swipe-up' ~ Channel is unrecoverably broken and will be disposed!
12-31 15:33:44.532  3017  3017 D InputMonitorCompat: Input monitor (swipe-up-disp0) disposed
12-31 15:33:44.533  4490  4490 I PkDeviceHelper: PkDeviceHelper.refreshDevices():87 refreshing devices
12-31 15:33:44.534  2660  2660 D NavigationModeController: getCurrentUserContext: contextUser=0 currentUser=0
12-31 15:33:44.534  3017  3017 D InputMonitorCompat: Input monitor (swipe-up-disp0) created
12-31 15:33:44.534  3017  3017 D InputMonitorCompat: Input event receiver for monitor (swipe-up-disp0) created
12-31 15:33:44.545  1884  1884 D nativeloader: Configuring clns-9 for other apk /data/app/~~DzOl42WWJcwVv5gCj6UOwA==/com.slashwhatever.logset-49tjputA6uLOaFXqBNoTqg==/base.apk. target_sdk_version=36, uses_libraries=, library_path=/data/app/~~DzOl42WWJcwVv5gCj6UOwA==/com.slashwhatever.logset-49tjputA6uLOaFXqBNoTqg==/lib/arm64:/data/app/~~DzOl42WWJcwVv5gCj6UOwA==/com.slashwhatever.logset-49tjputA6uLOaFXqBNoTqg==/base.apk!/lib/arm64-v8a, permitted_path=/data:/mnt/expand:/data/user/0/com.slashwhatever.logset
12-31 15:33:44.551  1884  1884 V GraphicsEnvironment: Currently set values for:
12-31 15:33:44.551  1884  1884 V GraphicsEnvironment:   angle_gl_driver_selection_pkgs=[com.android.angle, com.google.android.apps.tachyon]
12-31 15:33:44.551  1884  1884 V GraphicsEnvironment:   angle_gl_driver_selection_values=[angle, native]
12-31 15:33:44.551  1884  1884 V GraphicsEnvironment: com.slashwhatever.logset is not listed in per-application setting
12-31 15:33:44.551  1884  1884 V GraphicsEnvironment: ANGLE allowlist from config: com.dreamgames.royalmatch com.dts.freefiremax com.dxx.firenow com.gramgames.mergedragons com.ludo.king com.mojang.minecraftpe com.my.defense com.nintendo.zaka com.os.airforce com.playrix.fishdomdd.gplay io.teslatech.callbreak jp.konami.prospia net.peakgames.toonblast com.yottagames.gameofmafia com.Sunborn.SnqxExilium.Glo com.haoplay.game.and.exilium com.rockstargames.gtasa com.h73.jhqyna com.sega.CrazyTaxiplayhaven en.haoplay.and.rm
12-31 15:33:44.551  1884  1884 V GraphicsEnvironment: com.slashwhatever.logset is not listed in ANGLE allowlist or settings, returning default
12-31 15:33:44.551  1884  1884 V GraphicsEnvironment: Neither updatable production driver nor prerelease driver is supported.
12-31 15:33:44.564  1884  1884 W SoLoader: Initializing SoLoader: 0
12-31 15:33:44.564  1884  1884 W SoLoader: Recording new base apk path: /data/app/~~DzOl42WWJcwVv5gCj6UOwA==/com.slashwhatever.logset-49tjputA6uLOaFXqBNoTqg==/base.apk
12-31 15:33:44.564  1884  1884 W SoLoader: Previously recorded 0 base apk paths.
12-31 15:33:44.564  1884  1884 I SoLoader: Preparing SO source: DirectorySoSource[root = /vendor/lib64 flags = 2]
12-31 15:33:44.564  1884  1884 I SoLoader: Preparing SO source: DirectorySoSource[root = /system/lib64 flags = 2]
12-31 15:33:44.564  1884  1884 I SoLoader: Preparing SO source: DirectApkSoSource[root = [/data/app/~~DzOl42WWJcwVv5gCj6UOwA==/com.slashwhatever.logset-49tjputA6uLOaFXqBNoTqg==/base.apk!/lib/arm64-v8a]]
12-31 15:33:44.567  1884  1884 I SoLoader: Preparing SO source: ApplicationSoSource[DirectorySoSource[root = /data/app/~~DzOl42WWJcwVv5gCj6UOwA==/com.slashwhatever.logset-49tjputA6uLOaFXqBNoTqg==/lib/arm64 flags = 0]]
12-31 15:33:44.567  1884  1884 I SoLoader: init finish: 4 SO sources prepared
12-31 15:33:44.567  1884  1884 W SoLoader: SoLoader initialized: 8
12-31 15:33:44.573  1884  1884 D nativeloader: Load /data/app/~~DzOl42WWJcwVv5gCj6UOwA==/com.slashwhatever.logset-49tjputA6uLOaFXqBNoTqg==/base.apk!/lib/arm64-v8a/libc++_shared.so using class loader ns clns-9 (caller=/data/app/~~DzOl42WWJcwVv5gCj6UOwA==/com.slashwhatever.logset-49tjputA6uLOaFXqBNoTqg==/base.apk!classes3.dex): ok
12-31 15:33:44.575  1884  1884 D nativeloader: Load /data/app/~~DzOl42WWJcwVv5gCj6UOwA==/com.slashwhatever.logset-49tjputA6uLOaFXqBNoTqg==/base.apk!/lib/arm64-v8a/libjsi.so using class loader ns clns-9 (caller=/data/app/~~DzOl42WWJcwVv5gCj6UOwA==/com.slashwhatever.logset-49tjputA6uLOaFXqBNoTqg==/base.apk!classes3.dex): ok
12-31 15:33:44.578  1884  1884 D nativeloader: Load /data/app/~~DzOl42WWJcwVv5gCj6UOwA==/com.slashwhatever.logset-49tjputA6uLOaFXqBNoTqg==/base.apk!/lib/arm64-v8a/libfbjni.so using class loader ns clns-9 (caller=/data/app/~~DzOl42WWJcwVv5gCj6UOwA==/com.slashwhatever.logset-49tjputA6uLOaFXqBNoTqg==/base.apk!classes3.dex): ok
12-31 15:33:44.581  1884  1884 D nativeloader: Load /data/app/~~DzOl42WWJcwVv5gCj6UOwA==/com.slashwhatever.logset-49tjputA6uLOaFXqBNoTqg==/base.apk!/lib/arm64-v8a/libreactnative.so using class loader ns clns-9 (caller=/data/app/~~DzOl42WWJcwVv5gCj6UOwA==/com.slashwhatever.logset-49tjputA6uLOaFXqBNoTqg==/base.apk!classes3.dex): ok
12-31 15:33:44.581  1884  1884 D jni_lib_merge: Entering merged library JNI_OnLoad.
12-31 15:33:44.581  1884  1884 D jni_lib_merge: Preparing 12 pre-merged libs (including stub)
12-31 15:33:44.581  1884  1884 D jni_lib_merge: Preparing to register libfabricjni_so.  onload_func: 0x6e8cec2edc
12-31 15:33:44.581  1884  1884 D jni_lib_merge: Preparing to register libreact_devsupportjni_so.  onload_func: 0x6e8cf93f40
12-31 15:33:44.581  1884  1884 D jni_lib_merge: Preparing to register libreact_featureflagsjni_so.  onload_func: 0x6e8cfa69f8
12-31 15:33:44.581  1884  1884 D jni_lib_merge: Preparing to register libreact_newarchdefaults_so.  onload_func: 0x6e8cfcbe30
12-31 15:33:44.581  1884  1884 D jni_lib_merge: Preparing to register libreactnativeblob_so.  onload_func: 0x6e8d05e5b0
12-31 15:33:44.581  1884  1884 D jni_lib_merge: Preparing to register libreactnativejni_so.  onload_func: 0x6e8d078b24
12-31 15:33:44.581  1884  1884 D jni_lib_merge: Preparing to register libreactnativejni_common_so.  onload_func: 0x6e8d07f458
12-31 15:33:44.581  1884  1884 D jni_lib_merge: Preparing to register librninstance_so.  onload_func: 0x6e8d09b070
12-31 15:33:44.581  1884  1884 D jni_lib_merge: Preparing to register libturbomodulejsijni_so.  onload_func: 0x6e8d1331a4
12-31 15:33:44.581  1884  1884 D jni_lib_merge: Preparing to register libuimanagerjni_so.  onload_func: 0x6e8d13a7e0
12-31 15:33:44.581  1884  1884 D jni_lib_merge: Preparing to register libyoga_so.  onload_func: 0x6e8d141da4
12-31 15:33:44.581  1884  1884 D jni_lib_merge: About to register 11 actual methods.
12-31 15:33:44.586  1884  1884 D nativeloader: Load /data/app/~~DzOl42WWJcwVv5gCj6UOwA==/com.slashwhatever.logset-49tjputA6uLOaFXqBNoTqg==/base.apk!/lib/arm64-v8a/libreact_codegen_rnscreens.so using class loader ns clns-9 (caller=/data/app/~~DzOl42WWJcwVv5gCj6UOwA==/com.slashwhatever.logset-49tjputA6uLOaFXqBNoTqg==/base.apk!classes3.dex): ok
12-31 15:33:44.586  1884  1884 D jni_lib_merge: Entering merged library JNI_OnLoad.
12-31 15:33:44.586  1884  1884 D jni_lib_merge: Preparing 12 pre-merged libs (including stub)
12-31 15:33:44.586  1884  1884 D jni_lib_merge: Preparing to register libfabricjni_so.  onload_func: 0x6e8cec2edc
12-31 15:33:44.586  1884  1884 D jni_lib_merge: Preparing to register libreact_devsupportjni_so.  onload_func: 0x6e8cf93f40
12-31 15:33:44.586  1884  1884 D jni_lib_merge: Preparing to register libreact_featureflagsjni_so.  onload_func: 0x6e8cfa69f8
12-31 15:33:44.586  1884  1884 D jni_lib_merge: Preparing to register libreact_newarchdefaults_so.  onload_func: 0x6e8cfcbe30
12-31 15:33:44.586  1884  1884 D jni_lib_merge: Preparing to register libreactnativeblob_so.  onload_func: 0x6e8d05e5b0
12-31 15:33:44.586  1884  1884 D jni_lib_merge: Preparing to register libreactnativejni_so.  onload_func: 0x6e8d078b24
12-31 15:33:44.586  1884  1884 D jni_lib_merge: Preparing to register libreactnativejni_common_so.  onload_func: 0x6e8d07f458
12-31 15:33:44.586  1884  1884 D jni_lib_merge: Preparing to register librninstance_so.  onload_func: 0x6e8d09b070
12-31 15:33:44.586  1884  1884 D jni_lib_merge: Preparing to register libturbomodulejsijni_so.  onload_func: 0x6e8d1331a4
12-31 15:33:44.586  1884  1884 D jni_lib_merge: Preparing to register libuimanagerjni_so.  onload_func: 0x6e8d13a7e0
12-31 15:33:44.586  1884  1884 D jni_lib_merge: Preparing to register libyoga_so.  onload_func: 0x6e8d141da4
12-31 15:33:44.586  1884  1884 D jni_lib_merge: About to register 11 actual methods.
12-31 15:33:44.588  1884  1884 D nativeloader: Load /data/app/~~DzOl42WWJcwVv5gCj6UOwA==/com.slashwhatever.logset-49tjputA6uLOaFXqBNoTqg==/base.apk!/lib/arm64-v8a/libreact_codegen_rnsvg.so using class loader ns clns-9 (caller=/data/app/~~DzOl42WWJcwVv5gCj6UOwA==/com.slashwhatever.logset-49tjputA6uLOaFXqBNoTqg==/base.apk!classes3.dex): ok
12-31 15:33:44.589  1884  1884 D jni_lib_merge: Entering merged library JNI_OnLoad.
12-31 15:33:44.589  1884  1884 D jni_lib_merge: Preparing 12 pre-merged libs (including stub)
12-31 15:33:44.589  1884  1884 D jni_lib_merge: Preparing to register libfabricjni_so.  onload_func: 0x6e8cec2edc
12-31 15:33:44.589  1884  1884 D jni_lib_merge: Preparing to register libreact_devsupportjni_so.  onload_func: 0x6e8cf93f40
12-31 15:33:44.589  1884  1884 D jni_lib_merge: Preparing to register libreact_featureflagsjni_so.  onload_func: 0x6e8cfa69f8
12-31 15:33:44.589  1884  1884 D jni_lib_merge: Preparing to register libreact_newarchdefaults_so.  onload_func: 0x6e8cfcbe30
12-31 15:33:44.589  1884  1884 D jni_lib_merge: Preparing to register libreactnativeblob_so.  onload_func: 0x6e8d05e5b0
12-31 15:33:44.589  1884  1884 D jni_lib_merge: Preparing to register libreactnativejni_so.  onload_func: 0x6e8d078b24
12-31 15:33:44.589  1884  1884 D jni_lib_merge: Preparing to register libreactnativejni_common_so.  onload_func: 0x6e8d07f458
12-31 15:33:44.589  1884  1884 D jni_lib_merge: Preparing to register librninstance_so.  onload_func: 0x6e8d09b070
12-31 15:33:44.589  1884  1884 D jni_lib_merge: Preparing to register libturbomodulejsijni_so.  onload_func: 0x6e8d1331a4
12-31 15:33:44.589  1884  1884 D jni_lib_merge: Preparing to register libuimanagerjni_so.  onload_func: 0x6e8d13a7e0
12-31 15:33:44.589  1884  1884 D jni_lib_merge: Preparing to register libyoga_so.  onload_func: 0x6e8d141da4
12-31 15:33:44.589  1884  1884 D jni_lib_merge: About to register 11 actual methods.
12-31 15:33:44.591  1884  1884 D nativeloader: Load /data/app/~~DzOl42WWJcwVv5gCj6UOwA==/com.slashwhatever.logset-49tjputA6uLOaFXqBNoTqg==/base.apk!/lib/arm64-v8a/libreact_codegen_safeareacontext.so using class loader ns clns-9 (caller=/data/app/~~DzOl42WWJcwVv5gCj6UOwA==/com.slashwhatever.logset-49tjputA6uLOaFXqBNoTqg==/base.apk!classes3.dex): ok
12-31 15:33:44.592  1884  1884 D nativeloader: Load /data/app/~~DzOl42WWJcwVv5gCj6UOwA==/com.slashwhatever.logset-49tjputA6uLOaFXqBNoTqg==/base.apk!/lib/arm64-v8a/libappmodules.so using class loader ns clns-9 (caller=/data/app/~~DzOl42WWJcwVv5gCj6UOwA==/com.slashwhatever.logset-49tjputA6uLOaFXqBNoTqg==/base.apk!classes3.dex): ok
12-31 15:33:44.596  1697  2606 D BackgroundInstallControlService: Package event received: 0
12-31 15:33:44.597  1884  1908 I DisplayManager: Choreographer implicitly registered for the refresh rate.
12-31 15:33:44.598  1697  2606 D BackgroundInstallControlService: Package event received: 0
12-31 15:33:44.598  1697  2606 D BackgroundInstallControlService: Package event received: 0
12-31 15:33:44.598  1884  1908 D vulkan  : searching for layers in '/data/app/~~DzOl42WWJcwVv5gCj6UOwA==/com.slashwhatever.logset-49tjputA6uLOaFXqBNoTqg==/lib/arm64'
12-31 15:33:44.598  1884  1908 D vulkan  : searching for layers in '/data/app/~~DzOl42WWJcwVv5gCj6UOwA==/com.slashwhatever.logset-49tjputA6uLOaFXqBNoTqg==/base.apk!/lib/arm64-v8a'
12-31 15:33:44.601  1884  1884 D AppCompatDelegate: Checking for metadata for AppLocalesMetadataHolderService : Service not found
12-31 15:33:44.602  1884  1884 E ashmem  : Pinning is deprecated since Android Q. Please use trim or other methods.
12-31 15:33:44.611  1884  1884 W unknown:BridgelessReact: ReactHost{0}.startSurface(surfaceId = 0): Schedule
12-31 15:33:44.611  1884  1884 W unknown:BridgelessReact: ReactHost{0}.attachSurface(surfaceId = 0)
12-31 15:33:44.611  1884  1884 D CompatChangeReporter: Compat change id reported: 377864165; UID 10397; state: ENABLED
12-31 15:33:44.611  1884  1884 D DesktopExperienceFlags: Toggle override initialized to: false
12-31 15:33:44.611  1884  1884 D DesktopModeFlags: Toggle override initialized to: OVERRIDE_UNSET
12-31 15:33:44.613  1884  1884 W WindowOnBackDispatcher: OnBackInvokedCallback is not enabled for the application.
12-31 15:33:44.613  1884  1884 W WindowOnBackDispatcher: Set 'android:enableOnBackInvokedCallback="true"' in the application manifest.
12-31 15:33:44.613  1884  1884 I ContentCaptureHelper: Setting logging level to OFF
12-31 15:33:44.614  1884  1916 W unknown:BridgelessReact: ReactHost{0}.getOrCreateReactInstanceTask()
12-31 15:33:44.614  1884  1916 W unknown:BridgelessReact: ReactHost{0}.getOrCreateReactInstanceTask(): Start
12-31 15:33:44.614  1884  1916 W unknown:BridgelessReact: ReactHost{0}.getJSBundleLoader()
12-31 15:33:44.614  1884  1916 W unknown:BridgelessReact: ReactHost{0}.getOrCreateReactContext(): Creating BridgelessReactContext
12-31 15:33:44.614  1884  1916 W unknown:BridgelessReact: ReactHost{0}.getOrCreateReactInstanceTask(): Creating ReactInstance
12-31 15:33:44.617  1884  1884 W unknown:BridgelessReact: ReactHost{0}.onHostResume(activity)
12-31 15:33:44.617  1884  1884 W unknown:BridgelessReact: ReactContext.onHostResume()
12-31 15:33:44.619  1884  1916 D nativeloader: Load /data/app/~~DzOl42WWJcwVv5gCj6UOwA==/com.slashwhatever.logset-49tjputA6uLOaFXqBNoTqg==/base.apk!/lib/arm64-v8a/libhermes.so using class loader ns clns-9 (caller=/data/app/~~DzOl42WWJcwVv5gCj6UOwA==/com.slashwhatever.logset-49tjputA6uLOaFXqBNoTqg==/base.apk!classes3.dex): ok
12-31 15:33:44.621  1884  1916 D nativeloader: Load /data/app/~~DzOl42WWJcwVv5gCj6UOwA==/com.slashwhatever.logset-49tjputA6uLOaFXqBNoTqg==/base.apk!/lib/arm64-v8a/libhermestooling.so using class loader ns clns-9 (caller=/data/app/~~DzOl42WWJcwVv5gCj6UOwA==/com.slashwhatever.logset-49tjputA6uLOaFXqBNoTqg==/base.apk!classes3.dex): ok
12-31 15:33:44.621  1884  1916 D jni_lib_merge: Entering merged library JNI_OnLoad.
12-31 15:33:44.621  1884  1916 D jni_lib_merge: Preparing 4 pre-merged libs (including stub)
12-31 15:33:44.621  1884  1916 D jni_lib_merge: Preparing to register libhermes_executor_so.  onload_func: 0x6f23b184b0
12-31 15:33:44.621  1884  1916 D jni_lib_merge: Preparing to register libhermesinstancejni_so.  onload_func: 0x6f23b1f900
12-31 15:33:44.621  1884  1916 D jni_lib_merge: Preparing to register libjsijniprofiler_so.  onload_func: 0x6f23b200ec
12-31 15:33:44.621  1884  1916 D jni_lib_merge: About to register 3 actual methods.
12-31 15:33:44.624  1884  1884 W unknown:BridgelessReact: ReactHost{0}.onHostPause(activity)
12-31 15:33:44.625  1884  1884 W unknown:BridgelessReact: ReactContext.onHostPause()
12-31 15:33:44.626  1697  2606 D BackgroundInstallControlService: Package event received: 0
12-31 15:33:44.626  4525  5548 W AiAiAutofill: (REDACTED) On activity pause for %s completing %d sessions with %d remaining.
12-31 15:33:44.626  1697  5791 W AutofillManagerServiceImpl: getFillEventHistory() called by UID 10157, but service UID is 10314
12-31 15:33:44.632  1884  1916 I ExpoModulesCore: ✅ AppContext was initialized
12-31 15:33:44.639  1884  1884 D WindowOnBackDispatcher: setTopOnBackInvokedCallback (unwrapped): android.view.ViewRootImpl$$ExternalSyntheticLambda12@90270ec
12-31 15:33:44.639  1697  5791 D CoreBackPreview: Window{595598c u0 com.slashwhatever.logset/com.slashwhatever.logset.MainActivity}: Setting back callback OnBackInvokedCallbackInfo{mCallback=android.window.IOnBackInvokedCallback$Stub$Proxy@ee76d8d, mPriority=0, mIsAnimationCallback=false, mOverrideBehavior=0}
12-31 15:33:44.641  1697  2596 I MR2ServiceImpl: Updating composite discovery preference | preference: RouteDiscoveryRequest{ preferredFeatures={}, activeScan=false }, active routers: []
12-31 15:33:44.641  1194 16473 W libbinder.IPCThreadState: Sending oneway calls to frozen process.
12-31 15:33:44.641  1194 16473 W libbinder.IPCThreadState: Sending oneway calls to frozen process.
12-31 15:33:44.641  1194 16473 W libbinder.IPCThreadState: Sending oneway calls to frozen process.
12-31 15:33:44.641  1194 16473 W libbinder.IPCThreadState: Sending oneway calls to frozen process.
