12-31 15:33:44.641  1697  1804 V WindowManager: Sent Transition (#1323) createdAt=12-31 15:33:44.487 via request=TransitionRequestInfo { type = OPEN, triggerTask = TaskInfo{userId=0 taskId=7210 effectiveUid=10397 displayId=0 isRunning=true baseIntent=Intent { act=android.intent.action.MAIN cat=[android.intent.category.LAUNCHER] flg=0x10200000 cmp=com.slashwhatever.logset/.MainActivity } baseActivity=ComponentInfo{com.slashwhatever.logset/com.slashwhatever.logset.MainActivity} topActivity=ComponentInfo{com.slashwhatever.logset/com.slashwhatever.logset.MainActivity} origActivity=null realActivity=ComponentInfo{com.slashwhatever.logset/com.slashwhatever.logset.MainActivity} numActivities=1 lastActiveTime=224256030 supportsMultiWindow=true resizeMode=1 isResizeable=true minWidth=-1 minHeight=-1 defaultMinSize=220 token=WCT{RemoteToken{3f8cb42 Task{7c1ae0b #7210 type=standard A=10397:com.slashwhatever.logset}}} topActivityType=1 pictureInPictureParams=null shouldDockBigOverlays=false launchIntoPipHostTaskId=-1 lastParentTaskIdBeforePip=-1 displayCutoutSafeInsets=Rect(0, 173 - 0, 0) topActivityInfo=ActivityInfo{5e8d753 com.slashwhatever.logset.MainActivity} launchCookies=[] positionInParent=Point(0, 0) parentTaskId=-1 isFocused=false isVisible=false isVisibleRequested=false isTopActivityNoDisplay=false isSleeping=true locusId=null displayAreaFeatureId=1 isTopActivityTransparent=false isActivityStackTransparent=false lastNonFullscreenBounds=Rect(270, 711 - 811, 1791) capturedLink=null capturedLinkTimestamp=0 requestedVisibleTypes=-9 topActivityRequestOpenInBrowserEducationTimestamp=0 appCompatTaskInfo=AppCompatTaskInfo { topActivityInSizeCompat=false eligibleForLetterboxEducation= false isLetterboxEducationEnabled= false isLetterboxDoubleTapEnabled= false eligibleForUserAspectRatioButton= false topActivityBoundsLetterboxed= false isFromLetterboxDoubleTap= false topActivityLetterboxVerticalPosition= -1 topActivityLetterboxHorizontalPosition= -1 topActivityLetterboxWidth=-1 topActivityLetterboxHeight=-1 topActivityAppBounds=Rect(0, 0 - 1080, 2424) isUserFullscreenOverrideEnabled=false isSystemFullscreenOverrideEnabled=false hasMinAspectRatioOverride=false topActivityLetterboxBounds=null cameraCompatTaskInfo=CameraCompatTaskInfo { freeformCameraCompatMode=inactiveundefined} topNonResizableActivityAspectRatio=-1.0} topActivityMainWindowFrame=null isAppBubble=false}, pipChange = null, remoteTransition = null, displayChange = null, flags = 0, debugId = 1323 }
12-31 15:33:44.641  1697  1804 V WindowManager:     startWCT=WindowContainerTransaction { changes= {} hops= [] errorCallbackToken=null taskFragmentOrganizer=null }
12-31 15:33:44.641  1697  1804 V WindowManager:     info={id=1323 t=OPEN f=0x40 trk=0 r=[] c=[]}
12-31 15:33:44.642  2660  3314 V WindowManagerShell: onTransitionReady(transaction=7288559609469)
12-31 15:33:44.642  2660  2686 V WindowManagerShell: onTransitionReady (#1323) android.os.BinderProxy@7cab3ae: {id=1323 t=OPEN f=0x40 trk=0 r=[] c=[]}
12-31 15:33:44.642  2660  2686 V WindowManagerShell: No transition roots in (#1323) android.os.BinderProxy@7cab3ae@0 so abort
12-31 15:33:44.642  2660  2686 V WindowManagerShell: Transition animation finished (aborted=true), notifying core (#1323) android.os.BinderProxy@7cab3ae@0
12-31 15:33:44.644  1697  1804 V WindowManager: Finish Transition (#1323): created at 12-31 15:33:44.487 collect-started=0.183ms request-sent=9.797ms started=11.192ms ready=108.119ms sent=153.23ms finished=156.318ms
12-31 15:33:44.644  2660  2686 V WindowManagerShell: Track 0 became idle
12-31 15:33:44.644  2660  2686 V WindowManagerShell: All active transition animations finished
12-31 15:33:44.645  1194 16473 W libbinder.IPCThreadState: Sending oneway calls to frozen process.
12-31 15:33:44.645  1194 16473 W libbinder.IPCThreadState: Sending oneway calls to frozen process.
12-31 15:33:44.645  1194 16473 W libbinder.IPCThreadState: Sending oneway calls to frozen process.
12-31 15:33:44.645  1194 16473 W libbinder.IPCThreadState: Sending oneway calls to frozen process.
12-31 15:33:44.646  1697  2596 I MR2ServiceImpl: Updating composite discovery preference | preference: RouteDiscoveryRequest{ preferredFeatures={}, activeScan=false }, active routers: []
12-31 15:33:44.646  1697  1804 D HintManagerService: Sent cleanup message for uid 10397
12-31 15:33:44.647  1884  1916 W unknown:BridgelessReact: ReactHost{0}.getOrCreateReactInstanceTask(): Loading JS Bundle
12-31 15:33:44.647  1884  1916 W unknown:BridgelessReact: ReactHost{0}.getOrCreateReactInstanceTask(): Calling DevSupportManagerBase.onNewReactContextCreated(reactContext)
12-31 15:33:44.647  1884  1916 W unknown:BridgelessReact: ReactHost{0}.startSurface(surfaceId = 0): Execute
12-31 15:33:44.662   632  2738 E powerhal-libperfmgr: Error: shouldn't report duration during pause state.
12-31 15:33:44.667  1697  1804 I ActivityTaskManager: Displayed com.slashwhatever.logset/.MainActivity for user 0: +182ms
12-31 15:33:44.687  1884  1884 W unknown:BridgelessReact: ReactHost{0}.getOrCreateReactInstanceTask(): Executing ReactInstanceEventListeners
12-31 15:33:44.702  1697  2606 D BackgroundInstallControlService: Package event received: 0
12-31 15:33:44.738  1884  1918 D nativeloader: Load /data/app/~~DzOl42WWJcwVv5gCj6UOwA==/com.slashwhatever.logset-49tjputA6uLOaFXqBNoTqg==/base.apk!/lib/arm64-v8a/libexpo-modules-core.so using class loader ns clns-9 (caller=/data/app/~~DzOl42WWJcwVv5gCj6UOwA==/com.slashwhatever.logset-49tjputA6uLOaFXqBNoTqg==/base.apk!classes3.dex): ok
12-31 15:33:44.772  1884  1918 W unknown:ViewManagerPropertyUpdater: Could not find generated setter for class com.th3rdwave.safeareacontext.SafeAreaProviderManager
12-31 15:33:44.777  1884  1918 W unknown:ViewManagerPropertyUpdater: Could not find generated setter for class com.facebook.react.uimanager.LayoutShadowNode
12-31 15:33:44.780  1884  1918 W unknown:ViewManagerPropertyUpdater: Could not find generated setter for class com.swmansion.rnscreens.SearchBarManager
12-31 15:33:44.782  1884  1918 W unknown:ViewManagerPropertyUpdater: Could not find generated setter for class com.swmansion.rnscreens.ScreenFooterManager
12-31 15:33:44.783  1884  1918 W unknown:ViewManagerPropertyUpdater: Could not find generated setter for class com.swmansion.rnscreens.gamma.tabs.TabScreenViewManager
12-31 15:33:44.784  1884  1918 W unknown:ViewManagerPropertyUpdater: Could not find generated setter for class com.swmansion.rnscreens.ScreenContainerViewManager
12-31 15:33:44.785  1884  1918 W unknown:ViewManagerPropertyUpdater: Could not find generated setter for class com.swmansion.rnscreens.gamma.tabs.TabsHostViewManager
12-31 15:33:44.787  1884  1918 W unknown:ViewManagerPropertyUpdater: Could not find generated setter for class com.swmansion.rnscreens.ModalScreenViewManager
12-31 15:33:44.789  1884  1918 W unknown:ViewManagerPropertyUpdater: Could not find generated setter for class expo.modules.kotlin.views.GroupViewManagerWrapper
12-31 15:33:44.792  1884  1918 W unknown:ViewManagerPropertyUpdater: Could not find generated setter for class com.swmansion.rnscreens.ScreenStackHeaderConfigViewManager
12-31 15:33:44.794  1884  1918 W unknown:ViewManagerPropertyUpdater: Could not find generated setter for class com.swmansion.rnscreens.ScreenContentWrapperManager
12-31 15:33:44.795  1884  1918 W unknown:ViewManagerPropertyUpdater: Could not find generated setter for class com.th3rdwave.safeareacontext.SafeAreaViewManager
12-31 15:33:44.797  1884  1918 W unknown:ViewManagerPropertyUpdater: Could not find generated setter for class com.th3rdwave.safeareacontext.SafeAreaViewShadowNode
12-31 15:33:44.798  1884  1918 W unknown:ViewManagerPropertyUpdater: Could not find generated setter for class com.swmansion.rnscreens.ScreenViewManager
12-31 15:33:44.799  1884  1918 W unknown:ViewManagerPropertyUpdater: Could not find generated setter for class expo.modules.kotlin.views.SimpleViewManagerWrapper
12-31 15:33:44.803  1884  1918 W unknown:ViewManagerPropertyUpdater: Could not find generated setter for class com.swmansion.rnscreens.ScreenStackHeaderSubviewManager
12-31 15:33:44.806  1884  1918 W unknown:ViewManagerPropertyUpdater: Could not find generated setter for class com.swmansion.rnscreens.ScreenStackViewManager
12-31 15:33:44.877  1884  1918 W unknown:ViewManagerPropertyUpdater: Could not find generated setter for class com.horcrux.svg.RenderableViewManager$DefsViewManager
12-31 15:33:44.879  1884  1918 W unknown:ViewManagerPropertyUpdater: Could not find generated setter for class com.horcrux.svg.VirtualViewManager$RenderableShadowNode
12-31 15:33:44.884  1884  1918 W unknown:ViewManagerPropertyUpdater: Could not find generated setter for class com.horcrux.svg.RenderableViewManager$FeMergeManager
12-31 15:33:44.889  1884  1918 W unknown:ViewManagerPropertyUpdater: Could not find generated setter for class com.facebook.react.views.safeareaview.ReactSafeAreaViewManager
12-31 15:33:44.890  1884  1918 W unknown:ViewManagerPropertyUpdater: Could not find generated setter for class com.facebook.react.views.safeareaview.ReactSafeAreaViewShadowNode
12-31 15:33:44.893  1884  1918 W unknown:ViewManagerPropertyUpdater: Could not find generated setter for class com.horcrux.svg.RenderableViewManager$LinearGradientManager
12-31 15:33:44.899  1884  1918 W unknown:ViewManagerPropertyUpdater: Could not find generated setter for class com.horcrux.svg.RenderableViewManager$FeGaussianBlurManager
12-31 15:33:44.904  1884  1918 W unknown:ViewManagerPropertyUpdater: Could not find generated setter for class com.facebook.react.views.progressbar.ReactProgressBarViewManager
12-31 15:33:44.905  1884  1918 W unknown:ViewManagerPropertyUpdater: Could not find generated setter for class com.facebook.react.views.progressbar.ProgressBarShadowNode
12-31 15:33:44.910  1884  1918 W unknown:ViewManagerPropertyUpdater: Could not find generated setter for class com.facebook.react.views.scroll.ReactHorizontalScrollViewManager
12-31 15:33:44.916  1884  1918 W unknown:ViewManagerPropertyUpdater: Could not find generated setter for class com.facebook.react.views.text.ReactTextViewManager
12-31 15:33:44.918  1884  1918 W unknown:ViewManagerPropertyUpdater: Could not find generated setter for class com.facebook.react.views.text.ReactTextShadowNode
12-31 15:33:44.924  1884  1918 W unknown:ViewManagerPropertyUpdater: Could not find generated setter for class com.horcrux.svg.RenderableViewManager$FeColorMatrixManager
12-31 15:33:44.929  1884  1918 W unknown:ViewManagerPropertyUpdater: Could not find generated setter for class com.facebook.react.views.scroll.ReactHorizontalScrollContainerViewManager
12-31 15:33:44.934  1884  1918 W unknown:ViewManagerPropertyUpdater: Could not find generated setter for class com.horcrux.svg.RenderableViewManager$ClipPathViewManager
12-31 15:33:44.941  1884  1918 W unknown:ViewManagerPropertyUpdater: Could not find generated setter for class com.horcrux.svg.RenderableViewManager$SymbolManager
12-31 15:33:44.947  1884  1918 W unknown:ViewManagerPropertyUpdater: Could not find generated setter for class com.horcrux.svg.RenderableViewManager$PatternManager
12-31 15:33:44.954  1884  1918 W unknown:ViewManagerPropertyUpdater: Could not find generated setter for class com.horcrux.svg.RenderableViewManager$FeBlendManager
12-31 15:33:44.959  1884  1918 W unknown:ViewManagerPropertyUpdater: Could not find generated setter for class com.facebook.react.views.view.ReactViewManager
12-31 15:33:44.963  1884  1918 W unknown:ViewManagerPropertyUpdater: Could not find generated setter for class com.horcrux.svg.SvgViewManager
12-31 15:33:44.969  1884  1918 W unknown:ViewManagerPropertyUpdater: Could not find generated setter for class com.facebook.react.views.switchview.ReactSwitchManager
12-31 15:33:44.971  1884  1918 W unknown:ViewManagerPropertyUpdater: Could not find generated setter for class com.facebook.react.views.switchview.ReactSwitchShadowNode
12-31 15:33:44.974  1884  1918 W unknown:ViewManagerPropertyUpdater: Could not find generated setter for class com.horcrux.svg.RenderableViewManager$UseViewManager
12-31 15:33:44.980  1884  1918 W unknown:ViewManagerPropertyUpdater: Could not find generated setter for class com.horcrux.svg.RenderableViewManager$CircleViewManager
12-31 15:33:44.986  1884  1918 W unknown:ViewManagerPropertyUpdater: Could not find generated setter for class com.horcrux.svg.RenderableViewManager$TSpanViewManager
12-31 15:33:44.993  1884  1918 W unknown:ViewManagerPropertyUpdater: Could not find generated setter for class com.horcrux.svg.RenderableViewManager$FilterManager
12-31 15:33:44.998  1884  1918 W unknown:ViewManagerPropertyUpdater: Could not find generated setter for class com.horcrux.svg.RenderableViewManager$MarkerManager
12-31 15:33:45.005  1884  1918 W unknown:ViewManagerPropertyUpdater: Could not find generated setter for class com.facebook.react.views.modal.ReactModalHostManager
12-31 15:33:45.011  1884  1918 W unknown:ViewManagerPropertyUpdater: Could not find generated setter for class com.horcrux.svg.RenderableViewManager$ForeignObjectManager
12-31 15:33:45.017  1884  1918 W unknown:ViewManagerPropertyUpdater: Could not find generated setter for class com.horcrux.svg.RenderableViewManager$EllipseViewManager
12-31 15:33:45.023  1884  1918 W unknown:ViewManagerPropertyUpdater: Could not find generated setter for class com.horcrux.svg.RenderableViewManager$LineViewManager
12-31 15:33:45.029  1884  1918 W unknown:ViewManagerPropertyUpdater: Could not find generated setter for class com.facebook.react.views.text.frescosupport.FrescoBasedReactTextInlineImageViewManager
12-31 15:33:45.030  1884  1918 W unknown:ViewManagerPropertyUpdater: Could not find generated setter for class com.facebook.react.views.text.frescosupport.FrescoBasedReactTextInlineImageShadowNode
12-31 15:33:45.034  1884  1918 W unknown:ViewManagerPropertyUpdater: Could not find generated setter for class com.horcrux.svg.RenderableViewManager$FeFloodManager
12-31 15:33:45.039  1884  1918 W unknown:ViewManagerPropertyUpdater: Could not find generated setter for class com.horcrux.svg.RenderableViewManager$GroupViewManager
12-31 15:33:45.045  1884  1918 W unknown:ViewManagerPropertyUpdater: Could not find generated setter for class com.horcrux.svg.RenderableViewManager$TextViewManager
12-31 15:33:45.052  1884  1918 W unknown:ViewManagerPropertyUpdater: Could not find generated setter for class com.horcrux.svg.RenderableViewManager$ImageViewManager
12-31 15:33:45.058  1884  1918 W unknown:ViewManagerPropertyUpdater: Could not find generated setter for class com.horcrux.svg.RenderableViewManager$FeCompositeManager
12-31 15:33:45.064  1884  1918 W unknown:ViewManagerPropertyUpdater: Could not find generated setter for class com.facebook.react.views.image.ReactImageManager
12-31 15:33:45.070  1884  1918 W unknown:ViewManagerPropertyUpdater: Could not find generated setter for class com.horcrux.svg.RenderableViewManager$RadialGradientManager
12-31 15:33:45.076  1884  1918 W unknown:ViewManagerPropertyUpdater: Could not find generated setter for class com.horcrux.svg.RenderableViewManager$MaskManager
12-31 15:33:45.083  1884  1918 W unknown:ViewManagerPropertyUpdater: Could not find generated setter for class com.facebook.react.views.unimplementedview.ReactUnimplementedViewManager
12-31 15:33:45.087  1884  1918 W unknown:ViewManagerPropertyUpdater: Could not find generated setter for class com.horcrux.svg.RenderableViewManager$RectViewManager
12-31 15:33:45.093  1884  1918 W unknown:ViewManagerPropertyUpdater: Could not find generated setter for class com.horcrux.svg.RenderableViewManager$TextPathViewManager
12-31 15:33:45.101  1884  1918 W unknown:ViewManagerPropertyUpdater: Could not find generated setter for class com.facebook.react.views.scroll.ReactScrollViewManager
12-31 15:33:45.108  1884  1918 W unknown:ViewManagerPropertyUpdater: Could not find generated setter for class com.horcrux.svg.RenderableViewManager$FeOffsetManager
12-31 15:33:45.113  1884  1918 W unknown:ViewManagerPropertyUpdater: Could not find generated setter for class com.horcrux.svg.RenderableViewManager$PathViewManager
12-31 15:33:45.119  1884  1918 W unknown:ViewManagerPropertyUpdater: Could not find generated setter for class com.facebook.react.views.drawer.ReactDrawerLayoutManager
12-31 15:33:45.123  1884  1918 W unknown:ViewManagerPropertyUpdater: Could not find generated setter for class com.facebook.react.views.text.ReactVirtualTextViewManager
12-31 15:33:45.124  1884  1918 W unknown:ViewManagerPropertyUpdater: Could not find generated setter for class com.facebook.react.views.text.ReactVirtualTextShadowNode
12-31 15:33:45.128  1884  1918 W unknown:ViewManagerPropertyUpdater: Could not find generated setter for class com.facebook.react.views.swiperefresh.SwipeRefreshLayoutManager
12-31 15:33:45.132  1884  1918 W unknown:ViewManagerPropertyUpdater: Could not find generated setter for class com.facebook.react.views.text.ReactRawTextManager
12-31 15:33:45.133  1884  1918 W unknown:ViewManagerPropertyUpdater: Could not find generated setter for class com.facebook.react.views.text.ReactRawTextShadowNode
12-31 15:33:45.134 27997 28009 I FontLog : (REDACTED) Received query %s, URI %s
12-31 15:33:45.134 27997 28009 I FontLog : (REDACTED) Query [%s] resolved to %s
12-31 15:33:45.136  1884  1918 W unknown:ViewManagerPropertyUpdater: Could not find generated setter for class com.facebook.react.views.textinput.ReactTextInputManager
12-31 15:33:45.143 27997 28009 I FontLog : (REDACTED) Fetch %s end status %s
12-31 15:33:45.145  1884  1918 W unknown:ViewManagerPropertyUpdater: Could not find generated setter for class com.facebook.react.views.textinput.ReactTextInputShadowNode
12-31 15:33:45.149 27997 28009 I FontLog : (REDACTED) Pulling font file for id = %d, cache size = %d
12-31 15:33:45.152  1884  1936 I HWUI    : Using FreeType backend (prop=Auto)
12-31 15:33:45.160 27997 28009 I FontLog : (REDACTED) Pulling font file for id = %d, cache size = %d
12-31 15:33:45.165  1884  1918 W BridgelessReactContext: [WARNING] Bridgeless doesn't support CatalystInstance. Accessing an API that's not part of the new architecture is not encouraged usage.
12-31 15:33:45.169  1884  1918 I ExpoModulesCore: ✅ JSI interop was installed
12-31 15:33:45.171  1884  1918 I ExpoModulesCore: ✅ Constants were exported
12-31 15:33:45.218  1884  1918 D nativeloader: Load /data/app/~~DzOl42WWJcwVv5gCj6UOwA==/com.slashwhatever.logset-49tjputA6uLOaFXqBNoTqg==/base.apk!/lib/arm64-v8a/librnscreens.so using class loader ns clns-9 (caller=/data/app/~~DzOl42WWJcwVv5gCj6UOwA==/com.slashwhatever.logset-49tjputA6uLOaFXqBNoTqg==/base.apk!classes3.dex): ok
12-31 15:33:45.226  1884  1918 I ReactNativeJS: Running "main"
12-31 15:33:45.226  1884  1918 W ReactNativeJS: SafeAreaView has been deprecated and will be removed in a future release. Please use 'react-native-safe-area-context' instead. See https://github.com/th3rdwave/react-native-safe-area-context
12-31 15:33:45.289  1884  1918 V AsyncStorageExpoMigration: No scoped database found
12-31 15:33:45.308   923   970 I bthal.activitywatcher: getStateResidency: ActivityStat{0 : totalTimeMs 91262938 totalEntryCount 16810319384 lastEntryMs 4302637}
12-31 15:33:45.308   923   970 I bthal.activitywatcher: getStateResidency: ActivityStat{1 : totalTimeMs 46756845 totalEntryCount 814524923 lastEntryMs 4302844}
12-31 15:33:45.308   995   995 I WifiHAL : Creating message to get link statistics; iface = 47
12-31 15:33:45.308   923   970 I bthal.activitywatcher: getStateResidency: ActivityStat{2 : totalTimeMs 2280706 totalEntryCount 4691126071 lastEntryMs 4304174}
12-31 15:33:45.308   923   970 I bthal.activitywatcher: getStateResidency: ActivityStat{3 : totalTimeMs 23386283 totalEntryCount 12119192118 lastEntryMs 4304173}
12-31 15:33:45.320   923   970 I bthal.activitywatcher: send_hci_activities_vsc: Sent VSC <[4]{89, 253, 1, 1}>
12-31 15:33:45.321   932   932 W android.hardware.power.stats-service.pixel: getStateResidency latency for Bluetooth exceeded time allowed: 12761us
12-31 15:33:45.322   923  2254 I bthal.activitywatcher: filter_hci_activities_vse: Filtered <[103]{14, 101, 1, 89, 253, 0, 1, 122, 208, 152, 1, 51, 163, 2, 0, 143, 198, 9, 0, 0, 0, 0, 0, 149, 199, 9, 0, 0, 0, 0, 0, 170, 189, 21, 0, 201, 180, 0, 0, 149, 199, 9, 0, 0, 0, 0, 0, 143, 198, 9, 0, 0, 0, 0, 0, 165, 127, 118, 0, 192, 1, 0, 0, 157, 197, 9, 0, 0, 0, 0, 0, 157, 197, 9, 0, 0, 0, 0, 0, 212, 80, 34, 1, 16, 118, 0, 0, 132, 197, 9, 0, 0, 0, 0, 0, 132, 197, 9, 0, 0, 0, 0, 0}>
12-31 15:33:45.322   923  2254 I bthal.flowcontrol: HciEventPreProcess: HCI Event 0xe Opcode 0xfd59 Length 103 handled by ControllerActivityWatcher
12-31 15:33:45.323   923  2254 I bthal.bqr: Batt_Per: 37, Avg_Cur_Pwr: 1 mA, BEr_Tx_Plv: 12 dBm, Le_Tx_Plv: 12 dBm, Idle_Tm: 6467 ms, Act_Tm: 46281 ms, BEr_Tx_Tm: 0 ms, BEr_Rx_Tm: 0 ms, Le_Tx_Tm: 448 ms, Le_Rx_Tm: 0 ms, total_Tm 6915 ms, Rx_1Ch_Tm 0 ms, Rx_2Ch_Tm 0 ms, Tx_iPA_1Ch_Tm 448 ms, Tx_iPA_2Ch_Tm 0 ms, Tx_ePA_1Ch_Tm 0 ms, Tx_ePA_2Ch_Tm 0 ms, BEr_Rx_Scan_total_Tm 0, Le_Rx_Scan_total_Tm 0
12-31 15:33:45.323   923  2254 I bthal.bqr: update_bqr_energy_reportv7: Avg_Cur_Pwr: 1, BEr_Tx_Plv: 12 dBm, Le_Tx_Plv: 12
12-31 15:33:45.329  1287  1287 D AOC     : A3:MSG: controller.cc, 933: SysMem: ipc: C-F1-Ar, cmd ID: 0x00c8, tag: 0xec, rc: 0
12-31 15:33:45.329  1287  1287 D AOC     : A3:MSG: controller.cc, 275: CNTRL: cmd ID: 0x000a, tag: 0x5a [cntr = 51772]
12-31 15:33:45.330  1287  1287 D AOC     : A3:MSG: controller.cc, 933: CNTRL: ipc: control, cmd ID: 0x000a, tag: 0x5a, rc: 0
12-31 15:33:45.330  1287  1287 D AOC     : A3:MSG: controller.cc, 933: SysMem: ipc: C-F1-Ar, cmd ID: 0x00c8, tag: 0xed, rc: 0
12-31 15:33:45.330  1287  1287 D AOC     : A3:MSG: controller.cc, 933: SysMem: ipc: C-F1-Ar, cmd ID: 0x00c8, tag: 0xee, rc: 0
12-31 15:33:45.331   923  2254 I bthal.flowcontrol: HciEventPreProcess: HCI Event 0xff Opcode 0 Length 92 unhandled by debug_VendorEvent
12-31 15:33:45.332  2804  3197 W btm_acl : system/stack/acl/btm_acl.cc:1494 BTM_ReadRemoteVersion: Unable to find active acl
12-31 15:33:45.332  2804  3197 I bluetooth: system/btif/src/btif_bqr.cc:1019 bqr_delivery_event: len: 89, addr: ff:ff:ff:ff:ff:ff, lmp_ver: 0, manufacturer_id: 0, lmp_subver: 0
12-31 15:33:45.332  2804  3228 I BluetoothQualityReportJni: android/app/jni/com_android_bluetooth_BluetoothQualityReport.cpp:51 bqr_delivery_callback: 
12-31 15:33:45.333  2804  3228 I BluetoothQualityReportNativeInterface: BQR: {
12-31 15:33:45.333  2804  3228 I BluetoothQualityReportNativeInterface:   mAddr: FF:FF:FF:FF:FF:FF, mLmpVer: 0x00, mLmpSubVer: 0x0000, mManufacturerId: 0x0000, mName: , mBluetoothClass: 0,
12-31 15:33:45.333  2804  3228 I BluetoothQualityReportNativeInterface:   BqrCommon: {
12-31 15:33:45.333  2804  3228 I BluetoothQualityReportNativeInterface:     mQualityReportId: Energy Monitor(0x06), mPacketType: INVALID(0x00), mConnectionHandle: 0x0000, mConnectionRole: 0(0), mTxPowerLevel: 0, mRssi: 0, mSnr: 0, mUnusedAfhChannelCount: 0,
12-31 15:33:45.333  2804  3228 I BluetoothQualityReportNativeInterface:     mAfhSelectUnidealChannelCount: 0, mLsto: 0, mPiconetClock: 0x00000000, mRetransmissionCount: 0, mNoRxCount: 0, mNakCount: 0, mLastTxAckTimestamp: 0x00000000, mFlowOffCount: 0,
12-31 15:33:45.333  2804  3228 I BluetoothQualityReportNativeInterface:     mLastFlowOnTimestamp: 0x00000000, mOverflowCount: 0, mUnderflowCount: 0, mAddr: null, mCalFailedItemCount: 0,
12-31 15:33:45.333  2804  3228 I BluetoothQualityReportNativeInterface:     mTxTotalPackets: 0, mTxUnackPackets: 0, mTxFlushPackets: 0, mTxLastSubeventPackets: 0, mCrcErrorPackets: 0, mRxDupPackets: 0, mRxUnRecvPackets: 0, mCoexInfoMask: 0
12-31 15:33:45.333  2804  3228 I BluetoothQualityReportNativeInterface:   }
12-31 15:33:45.333  2804  3228 I BluetoothQualityReportNativeInterface:   BqrEnergyMonitor: {
12-31 15:33:45.333  2804  3228 I BluetoothQualityReportNativeInterface:     AvgCurrentConsume: 1, mIdleTotalTime: 203075, mIdleStateEnterCount: 551195, mActiveTotalTime: 46281, mActiveStateEnterCount: 1212,
12-31 15:33:45.333  2804  3228 I BluetoothQualityReportNativeInterface:     mBredrTxTotalTime: 0, mBredrTxStateEnterCount: 545329, mBredrTxAvgPowerLevel: 12, mBredrRxTotalTime: 0, mBredrRxStateEnterCount: 632, mLeTxTotalTime: 448, mLeTxStateEnterCount: 814, mLeTxAvgPowerLevel: 12, mLeRxTotalTime: 0, mLeRxStateEnterCount: 4419, mReportTotalTime: 203523, mRxActiveOneChainTime: 0, mRxActiveTwoChainTime: 0, mTxiPaActiveOneChainTime: 448, mTxiPaActiveTwoChainTime: 0, mTxePaActiveOneChainTime: 0, mTxePaActiveTwoChainTime: 0
12-31 15:33:45.333  2804  3228 I BluetoothQualityReportNativeInterface:   }
12-31 15:33:45.333  2804  3228 I BluetoothQualityReportNativeInterface: }
12-31 15:33:45.335   995   995 I WifiHAL : index: 0 per_rate_size 32, data_rem_len 1152
12-31 15:33:45.335   995   995 I WifiHAL : index: 1 per_rate_size 32, data_rem_len 1120
12-31 15:33:45.335   995   995 I WifiHAL : index: 2 per_rate_size 32, data_rem_len 1088
12-31 15:33:45.335   995   995 I WifiHAL : index: 3 per_rate_size 32, data_rem_len 1056
12-31 15:33:45.335   995   995 I WifiHAL : index: 4 per_rate_size 32, data_rem_len 1024
12-31 15:33:45.335   995   995 I WifiHAL : index: 5 per_rate_size 32, data_rem_len 992
12-31 15:33:45.335   995   995 I WifiHAL : index: 6 per_rate_size 32, data_rem_len 960
12-31 15:33:45.335   995   995 I WifiHAL : index: 7 per_rate_size 32, data_rem_len 928
12-31 15:33:45.335   995   995 I WifiHAL : index: 8 per_rate_size 32, data_rem_len 896
12-31 15:33:45.335   995   995 I WifiHAL : index: 9 per_rate_size 32, data_rem_len 864
12-31 15:33:45.335   995   995 I WifiHAL : index: 10 per_rate_size 32, data_rem_len 832
12-31 15:33:45.335   995   995 I WifiHAL : index: 11 per_rate_size 32, data_rem_len 800
12-31 15:33:45.335   995   995 I WifiHAL : index: 12 per_rate_size 32, data_rem_len 768
12-31 15:33:45.335   995   995 I WifiHAL : index: 13 per_rate_size 32, data_rem_len 736
12-31 15:33:45.335   995   995 I WifiHAL : index: 14 per_rate_size 32, data_rem_len 704
12-31 15:33:45.335   995   995 I WifiHAL : index: 15 per_rate_size 32, data_rem_len 672
12-31 15:33:45.335   995   995 I WifiHAL : index: 16 per_rate_size 32, data_rem_len 640
12-31 15:33:45.335   995   995 I WifiHAL : index: 17 per_rate_size 32, data_rem_len 608
12-31 15:33:45.335   995   995 I WifiHAL : index: 18 per_rate_size 32, data_rem_len 576
12-31 15:33:45.335   995   995 I WifiHAL : index: 19 per_rate_size 32, data_rem_len 544
12-31 15:33:45.335   995   995 I WifiHAL : index: 20 per_rate_size 32, data_rem_len 512
12-31 15:33:45.335   995   995 I WifiHAL : index: 21 per_rate_size 32, data_rem_len 480
12-31 15:33:45.335   995   995 I WifiHAL : index: 22 per_rate_size 32, data_rem_len 448
12-31 15:33:45.335   995   995 I WifiHAL : index: 23 per_rate_size 32, data_rem_len 416
12-31 15:33:45.335   995   995 I WifiHAL : index: 24 per_rate_size 32, data_rem_len 384
12-31 15:33:45.335   995   995 I WifiHAL : index: 25 per_rate_size 32, data_rem_len 352
12-31 15:33:45.335   995   995 I WifiHAL : index: 26 per_rate_size 32, data_rem_len 320
12-31 15:33:45.335   995   995 I WifiHAL : index: 27 per_rate_size 32, data_rem_len 288
12-31 15:33:45.335   995   995 I WifiHAL : index: 28 per_rate_size 32, data_rem_len 256
12-31 15:33:45.335   995   995 I WifiHAL : index: 29 per_rate_size 32, data_rem_len 224
12-31 15:33:45.335   995   995 I WifiHAL : index: 30 per_rate_size 32, data_rem_len 192
12-31 15:33:45.335   995   995 I WifiHAL : index: 31 per_rate_size 32, data_rem_len 160
12-31 15:33:45.335   995   995 I WifiHAL : index: 32 per_rate_size 32, data_rem_len 128
12-31 15:33:45.335   995   995 I WifiHAL : index: 33 per_rate_size 32, data_rem_len 96
12-31 15:33:45.335   995   995 I WifiHAL : index: 34 per_rate_size 32, data_rem_len 64
12-31 15:33:45.335   995   995 I WifiHAL : index: 35 per_rate_size 32, data_rem_len 32
12-31 15:33:45.336   995   995 I WifiHAL : Getting cached scan results, iface handle = 0xb400007c45210e10
12-31 15:33:45.336   995   995 E WifiHAL : Creating message to get cached scan results
12-31 15:33:45.337  1287  1287 D AOC     : A3:MSG: controller.cc, 275: CNTRL: cmd ID: 0x000a, tag: 0x5b [cntr = 51773]
12-31 15:33:45.338  1287  1287 D AOC     : A3:MSG: controller.cc, 933: CNTRL: ipc: control, cmd ID: 0x000a, tag: 0x5b, rc: 0
12-31 15:33:45.339   995   995 I WifiHAL : In GetCachedScanResultsCommand::handleResponse
12-31 15:33:45.340  1287  1287 D AOC     : A3:MSG: controller.cc, 275: CNTRL: cmd ID: 0x000a, tag: 0x5c [cntr = 51774]
12-31 15:33:45.340  1287  1287 D AOC     : A3:MSG: controller.cc, 933: CNTRL: ipc: control, cmd ID: 0x000a, tag: 0x5c, rc: 0
12-31 15:33:45.340  1287  1287 D AOC     : A3:MSG: controller.cc, 275: CNTRL: cmd ID: 0x000a, tag: 0x5d [cntr = 51775]
12-31 15:33:45.340  1287  1287 D AOC     : A3:MSG: controller.cc, 933: CNTRL: ipc: control, cmd ID: 0x000a, tag: 0x5d, rc: 0
12-31 15:33:45.347  1287  1287 D AOC     : A3:MSG: controller.cc, 275: CNTRL: cmd ID: 0x000a, tag: 0x5e [cntr = 51776]
12-31 15:33:45.347  1287  1287 D AOC     : A3:MSG: controller.cc, 933: CNTRL: ipc: control, cmd ID: 0x000a, tag: 0x5e, rc: 0
12-31 15:33:45.347  1287  1287 D AOC     : A3:MSG: controller.cc, 275: CNTRL: cmd ID: 0x000a, tag: 0x5f [cntr = 51777]
12-31 15:33:45.347  1287  1287 D AOC     : A3:MSG: controller.cc, 933: CNTRL: ipc: control, cmd ID: 0x000a, tag: 0x5f, rc: 0
12-31 15:33:45.353  1287  1287 D AOC     : A3:MSG: controller.cc, 275: CNTRL: cmd ID: 0x000a, tag: 0x60 [cntr = 51778]
12-31 15:33:45.354  1287  1287 D AOC     : A3:MSG: controller.cc, 933: CNTRL: ipc: control, cmd ID: 0x000a, tag: 0x60, rc: 0
12-31 15:33:45.354  1287  1287 D AOC     : A3:MSG: controller.cc, 275: CNTRL: cmd ID: 0x000a, tag: 0x61 [cntr = 51779]
12-31 15:33:45.356  1287  1287 D AOC     : A3:MSG: controller.cc, 933: CNTRL: ipc: control, cmd ID: 0x000a, tag: 0x61, rc: 0
12-31 15:33:45.361  1287  1287 D AOC     : A3:MSG: controller.cc, 275: CNTRL: cmd ID: 0x000a, tag: 0x62 [cntr = 51780]
12-31 15:33:45.361  1287  1287 D AOC     : A3:MSG: controller.cc, 933: CNTRL: ipc: control, cmd ID: 0x000a, tag: 0x62, rc: 0
12-31 15:33:45.361  1287  1287 D AOC     : A3:MSG: controller.cc, 275: CNTRL: cmd ID: 0x000a, tag: 0x63 [cntr = 51781]
12-31 15:33:45.361  1287  1287 D AOC     : A3:MSG: controller.cc, 933: CNTRL: ipc: control, cmd ID: 0x000a, tag: 0x63, rc: 0
12-31 15:33:45.363  1287  1287 D AOC     : A3:MSG: controller.cc, 275: CNTRL: cmd ID: 0x000a, tag: 0x64 [cntr = 51782]
12-31 15:33:45.363  1287  1287 D AOC     : A3:MSG: controller.cc, 933: CNTRL: ipc: control, cmd ID: 0x000a, tag: 0x64, rc: 0
12-31 15:33:45.364  1287  1287 D AOC     : A3:MSG: controller.cc, 275: CNTRL: cmd ID: 0x000a, tag: 0x65 [cntr = 51783]
12-31 15:33:45.377  1287  1287 D AOC     : A3:MSG: controller.cc, 933: CNTRL: ipc: control, cmd ID: 0x000a, tag: 0x65, rc: 0
12-31 15:33:45.377  1287  1287 D AOC     : A3:MSG: controller.cc, 275: CNTRL: cmd ID: 0x000a, tag: 0x66 [cntr = 51784]
12-31 15:33:45.377  1287  1287 D AOC     : A3:MSG: controller.cc, 933: CNTRL: ipc: control, cmd ID: 0x000a, tag: 0x66, rc: 0
12-31 15:33:45.377  1287  1287 D AOC     : A3:MSG: controller.cc, 275: CNTRL: cmd ID: 0x000a, tag: 0x67 [cntr = 51785]
12-31 15:33:45.377  1287  1287 D AOC     : A3:MSG: controller.cc, 933: CNTRL: ipc: control, cmd ID: 0x000a, tag: 0x67, rc: 0
12-31 15:33:45.379  1287  1287 D AOC     : A3:MSG: controller.cc, 275: CNTRL: cmd ID: 0x000a, tag: 0x68 [cntr = 51786]
12-31 15:33:45.379  1287  1287 D AOC     : A3:MSG: controller.cc, 933: CNTRL: ipc: control, cmd ID: 0x000a, tag: 0x68, rc: 0
12-31 15:33:45.380  1287  1287 D AOC     : A3:MSG: controller.cc, 275: CNTRL: cmd ID: 0x000a, tag: 0x69 [cntr = 51787]
12-31 15:33:45.380  1287  1287 D AOC     : A3:MSG: controller.cc, 933: CNTRL: ipc: control, cmd ID: 0x000a, tag: 0x69, rc: 0
12-31 15:33:45.380  1287  1287 D AOC     : A3:MSG: controller.cc, 275: CNTRL: cmd ID: 0x000a, tag: 0x6a [cntr = 51788]
12-31 15:33:45.380  1287  1287 D AOC     : A3:MSG: controller.cc, 933: CNTRL: ipc: control, cmd ID: 0x000a, tag: 0x6a, rc: 0
12-31 15:33:45.380  1287  1287 D AOC     : A3:MSG: controller.cc, 275: CNTRL: cmd ID: 0x000a, tag: 0x6b [cntr = 51789]
12-31 15:33:45.380  1287  1287 D AOC     : A3:MSG: controller.cc, 933: CNTRL: ipc: control, cmd ID: 0x000a, tag: 0x6b, rc: 0
12-31 15:33:45.381  1287  1287 D AOC     : A3:MSG: controller.cc, 275: CNTRL: cmd ID: 0x000a, tag: 0x6c [cntr = 51790]
12-31 15:33:45.381  1287  1287 D AOC     : A3:MSG: controller.cc, 933: CNTRL: ipc: control, cmd ID: 0x000a, tag: 0x6c, rc: 0
12-31 15:33:45.381  1287  1287 D AOC     : A3:MSG: controller.cc, 275: CNTRL: cmd ID: 0x000a, tag: 0x6d [cntr = 51791]
12-31 15:33:45.381  1287  1287 D AOC     : A3:MSG: controller.cc, 933: CNTRL: ipc: control, cmd ID: 0x000a, tag: 0x6d, rc: 0
12-31 15:33:45.381  1287  1287 D AOC     : A3:MSG: controller.cc, 275: CNTRL: cmd ID: 0x000a, tag: 0x6e [cntr = 51792]
12-31 15:33:45.382  1287  1287 D AOC     : A3:MSG: controller.cc, 933: CNTRL: ipc: control, cmd ID: 0x000a, tag: 0x6e, rc: 0
12-31 15:33:45.554  1697  1837 D BatteryStatsImpl: Reading cpu stats took 110ms
12-31 15:33:45.649  1697  2498 D HintManagerService: Starts cleaning for 10397
12-31 15:33:45.669   923  2254 I bthal.flowcontrol: HciEventPreProcess: HCI Event 0xe Opcode 0xfd59 Length 22 unhandled by ControllerActivityWatcher
12-31 15:33:45.772  3612  3637 W pixelstats-vendor: Thread Pool max thread count is 0. Cannot cache binder as linkToDeath cannot be implemented. serviceName: android.frameworks.stats.IStats/default
12-31 15:33:45.773  1697  5791 D TelephonyManager: requestModemActivityInfo: Sending result to app: ModemActivityInfo{ mTimestamp=224257305 mSleepTimeMs=185405334 mIdleTimeMs=4377629 mActivityStatsTechSpecificInfo=[{mRat=GERAN,mFrequencyRange=UNKNOWN,mTxTimeMs[]=[0, 0, 0, 0, 0],mRxTimeMs=246}, {mRat=UTRAN,mFrequencyRange=UNKNOWN,mTxTimeMs[]=[0, 0, 0, 0, 0],mRxTimeMs=32317}, {mRat=EUTRAN,mFrequencyRange=UNKNOWN,mTxTimeMs[]=[443983, 186532, 285617, 146030, 372884],mRxTimeMs=27945421}, {mRat=NGRAN,mFrequencyRange=HIGH,mTxTimeMs[]=[34415, 12882, 56170, 77899, 201410],mRxTimeMs=10792250}, {mRat=NGRAN,mFrequencyRange=MMWAVE,mTxTimeMs[]=[0, 0, 0, 0, 0],mRxTimeMs=0}, {mRat=UNKNOWN,mFrequencyRange=UNKNOWN,mTxTimeMs[]=[0, 0, 0, 0, 0],mRxTimeMs=0}]}
12-31 15:33:46.009  3612  3637 W pixelstats-vendor: Thread Pool max thread count is 0. Cannot cache binder as linkToDeath cannot be implemented. serviceName: android.frameworks.stats.IStats/default
12-31 15:33:46.429  2832  3064 D TemperatureStateSource: sequence=9864 actualDelay=10003
12-31 15:33:46.430  2832  3064 D TemperatureStateSource: Reading temperature: sequence=9865
12-31 15:33:46.443  1508  1508 I pixel-thermal: VIRTUAL-SKIN-MODEL: model_input: [24296.00 22930.00 23666.00 24162.00 24080.00 24062.00 24425.00 23118.00 ]
12-31 15:33:46.444  1508  1508 I native  : I0000 00:00:1767195226.444142    1508 thermal_tflite_wrapper.cc:261] ThermalTfliteInvoke
12-31 15:33:46.444  1508  1508 I pixel-thermal: VIRTUAL-SKIN-MODEL: model_output: [24117.4 ]
12-31 15:33:46.444  1508  1508 I pixel-thermal: VIRTUAL-SKIN-MODEL: predicted_value: [24117.4 ]
12-31 15:33:46.444  1508  1508 I pixel-thermal: VIRTUAL-SKIN:24.1383 raw data: VIRTUAL-SKIN:24138.3 VIRTUAL-SKIN-EQ:24138.3 VIRTUAL-SKIN-LEGACY:23960.3 VIRTUAL-SKIN-LEGACY-MODEL-DIFF:-157.094 VIRTUAL-SKIN-LEGACY-SHUTDOWN:0 VIRTUAL-SKIN-MODEL:24117.4 VIRTUAL-SKIN-MODEL-CLAMPED:24117.4 VIRTUAL-SKIN-MODEL-LEGACY-DIFF:157.094 VIRTUAL-SKIN-MODEL-UPDATED:24138.3 VIRTUAL-SKIN-MODEL-UPPER-CLAMPED:24117.4 VIRTUAL-SKIN-SUB-0:23792.9 VIRTUAL-SKIN-SUB-1:23925 VIRTUAL-SKIN-SUB-2:23819 VIRTUAL-SKIN-SUB-3:23921.2 VIRTUAL-SKIN-SUB-4:23960.3 VT_LEGACY_WEIGHT:0 VT_MODEL_WEIGHT:1 charging_therm:24296 disp0_therm:22930 flash_therm:23666 north_therm:24162 quiet_therm:24080 rfpa_therm:24062 soc_therm:24425 usb_pwr_therm:23118 
12-31 15:33:46.446  2832  3064 D TemperatureStateSource: getDeviceTemperatures: sequence=9865 deviceTemperatureType=3 temperatureSource=0 temperatures=[24.138296]
12-31 15:33:46.446  2832  3064 D BusinessScope: Enqueuing the block
12-31 15:33:46.446  2832  3064 D TemperatureStateSource: sequence=9865 waitTime=10000
12-31 15:33:46.446  2832  3074 D BusinessScope: Start running the #20239 block
12-31 15:33:46.447  2832  3074 D BusinessScope: Enqueuing the block
12-31 15:33:46.448  2832  3074 D ImpulseStateSource: Notify clients: 10118
12-31 15:33:46.448  2832  3074 D BusinessScope: Finish running the #20239 block
12-31 15:33:46.448  2832  3074 D BusinessScope: Start running the #20240 block
12-31 15:33:46.449  2832  3074 D BusinessScope: Finish running the #20240 block
12-31 15:33:49.657  1697  2557 D InetDiagMessage: Destroyed 0 sockets, proto=IPPROTO_TCP, family=AF_INET, states=14
12-31 15:33:49.660  1697  2557 D InetDiagMessage: Destroyed 0 sockets, proto=IPPROTO_TCP, family=AF_INET6, states=14
12-31 15:33:49.660  1697  2557 D InetDiagMessage: Destroyed live tcp sockets for uids={10397} in 7ms
12-31 15:33:49.663  1697  2557 D InetDiagMessage: Destroyed 0 sockets, proto=IPPROTO_TCP, family=AF_INET, states=14
12-31 15:33:49.667  1697  2557 D InetDiagMessage: Destroyed 0 sockets, proto=IPPROTO_TCP, family=AF_INET6, states=14
12-31 15:33:49.667  1697  2557 D InetDiagMessage: Destroyed live tcp sockets for uids={20397} in 6ms
